Archive member included to satisfy reference by file (symbol)

C:/ST/STM32CubeIDE_1.18.1/STM32CubeIDE/plugins/com.st.stm32cube.ide.mcu.externaltools.gnu-tools-for-stm32.13.3.rel1.win32_1.0.0.202411081344/tools/bin/../lib/gcc/arm-none-eabi/13.3.1/../../../../arm-none-eabi/lib/thumb/v7e-m+fp/hard\libc_nano.a(libc_a-exit.o)
                              C:/ST/STM32CubeIDE_1.18.1/STM32CubeIDE/plugins/com.st.stm32cube.ide.mcu.externaltools.gnu-tools-for-stm32.13.3.rel1.win32_1.0.0.202411081344/tools/bin/../lib/gcc/arm-none-eabi/13.3.1/../../../../arm-none-eabi/lib/thumb/v7e-m+fp/hard/crt0.o (exit)
C:/ST/STM32CubeIDE_1.18.1/STM32CubeIDE/plugins/com.st.stm32cube.ide.mcu.externaltools.gnu-tools-for-stm32.13.3.rel1.win32_1.0.0.202411081344/tools/bin/../lib/gcc/arm-none-eabi/13.3.1/../../../../arm-none-eabi/lib/thumb/v7e-m+fp/hard\libc_nano.a(libc_a-nano-vfprintf_float.o)
                              (_printf_float)
C:/ST/STM32CubeIDE_1.18.1/STM32CubeIDE/plugins/com.st.stm32cube.ide.mcu.externaltools.gnu-tools-for-stm32.13.3.rel1.win32_1.0.0.202411081344/tools/bin/../lib/gcc/arm-none-eabi/13.3.1/../../../../arm-none-eabi/lib/thumb/v7e-m+fp/hard\libc_nano.a(libc_a-nano-vfprintf_i.o)
                              C:/ST/STM32CubeIDE_1.18.1/STM32CubeIDE/plugins/com.st.stm32cube.ide.mcu.externaltools.gnu-tools-for-stm32.13.3.rel1.win32_1.0.0.202411081344/tools/bin/../lib/gcc/arm-none-eabi/13.3.1/../../../../arm-none-eabi/lib/thumb/v7e-m+fp/hard\libc_nano.a(libc_a-nano-vfprintf_float.o) (_printf_common)
C:/ST/STM32CubeIDE_1.18.1/STM32CubeIDE/plugins/com.st.stm32cube.ide.mcu.externaltools.gnu-tools-for-stm32.13.3.rel1.win32_1.0.0.202411081344/tools/bin/../lib/gcc/arm-none-eabi/13.3.1/../../../../arm-none-eabi/lib/thumb/v7e-m+fp/hard\libc_nano.a(libc_a-nano-vfscanf_float.o)
                              (_scanf_float)
C:/ST/STM32CubeIDE_1.18.1/STM32CubeIDE/plugins/com.st.stm32cube.ide.mcu.externaltools.gnu-tools-for-stm32.13.3.rel1.win32_1.0.0.202411081344/tools/bin/../lib/gcc/arm-none-eabi/13.3.1/../../../../arm-none-eabi/lib/thumb/v7e-m+fp/hard\libc_nano.a(libc_a-findfp.o)
                              C:/ST/STM32CubeIDE_1.18.1/STM32CubeIDE/plugins/com.st.stm32cube.ide.mcu.externaltools.gnu-tools-for-stm32.13.3.rel1.win32_1.0.0.202411081344/tools/bin/../lib/gcc/arm-none-eabi/13.3.1/../../../../arm-none-eabi/lib/thumb/v7e-m+fp/hard\libc_nano.a(libc_a-exit.o) (__stdio_exit_handler)
C:/ST/STM32CubeIDE_1.18.1/STM32CubeIDE/plugins/com.st.stm32cube.ide.mcu.externaltools.gnu-tools-for-stm32.13.3.rel1.win32_1.0.0.202411081344/tools/bin/../lib/gcc/arm-none-eabi/13.3.1/../../../../arm-none-eabi/lib/thumb/v7e-m+fp/hard\libc_nano.a(libc_a-fwalk.o)
                              C:/ST/STM32CubeIDE_1.18.1/STM32CubeIDE/plugins/com.st.stm32cube.ide.mcu.externaltools.gnu-tools-for-stm32.13.3.rel1.win32_1.0.0.202411081344/tools/bin/../lib/gcc/arm-none-eabi/13.3.1/../../../../arm-none-eabi/lib/thumb/v7e-m+fp/hard\libc_nano.a(libc_a-findfp.o) (_fwalk_sglue)
C:/ST/STM32CubeIDE_1.18.1/STM32CubeIDE/plugins/com.st.stm32cube.ide.mcu.externaltools.gnu-tools-for-stm32.13.3.rel1.win32_1.0.0.202411081344/tools/bin/../lib/gcc/arm-none-eabi/13.3.1/../../../../arm-none-eabi/lib/thumb/v7e-m+fp/hard\libc_nano.a(libc_a-printf.o)
                              ./SensorLibrary/HMC5883L/Src/hmc5883l.o (printf)
C:/ST/STM32CubeIDE_1.18.1/STM32CubeIDE/plugins/com.st.stm32cube.ide.mcu.externaltools.gnu-tools-for-stm32.13.3.rel1.win32_1.0.0.202411081344/tools/bin/../lib/gcc/arm-none-eabi/13.3.1/../../../../arm-none-eabi/lib/thumb/v7e-m+fp/hard\libc_nano.a(libc_a-puts.o)
                              ./Core/Src/main.o (puts)
C:/ST/STM32CubeIDE_1.18.1/STM32CubeIDE/plugins/com.st.stm32cube.ide.mcu.externaltools.gnu-tools-for-stm32.13.3.rel1.win32_1.0.0.202411081344/tools/bin/../lib/gcc/arm-none-eabi/13.3.1/../../../../arm-none-eabi/lib/thumb/v7e-m+fp/hard\libc_nano.a(libc_a-sprintf.o)
                              ./Core/Src/main.o (sprintf)
C:/ST/STM32CubeIDE_1.18.1/STM32CubeIDE/plugins/com.st.stm32cube.ide.mcu.externaltools.gnu-tools-for-stm32.13.3.rel1.win32_1.0.0.202411081344/tools/bin/../lib/gcc/arm-none-eabi/13.3.1/../../../../arm-none-eabi/lib/thumb/v7e-m+fp/hard\libc_nano.a(libc_a-stdio.o)
                              C:/ST/STM32CubeIDE_1.18.1/STM32CubeIDE/plugins/com.st.stm32cube.ide.mcu.externaltools.gnu-tools-for-stm32.13.3.rel1.win32_1.0.0.202411081344/tools/bin/../lib/gcc/arm-none-eabi/13.3.1/../../../../arm-none-eabi/lib/thumb/v7e-m+fp/hard\libc_nano.a(libc_a-findfp.o) (__sread)
C:/ST/STM32CubeIDE_1.18.1/STM32CubeIDE/plugins/com.st.stm32cube.ide.mcu.externaltools.gnu-tools-for-stm32.13.3.rel1.win32_1.0.0.202411081344/tools/bin/../lib/gcc/arm-none-eabi/13.3.1/../../../../arm-none-eabi/lib/thumb/v7e-m+fp/hard\libc_nano.a(libc_a-wbuf.o)
[...]
Memory Configuration

Name             Origin             Length             Attributes
CCMRAM           0x10000000         0x00010000         xrw
RAM              0x20000000         0x00020000         xrw
FLASH            0x08000000         0x00100000         xr
*default*        0x00000000         0xffffffff

Linker script and memory map

LOAD C:/ST/STM32CubeIDE_1.18.1/STM32CubeIDE/plugins/com.st.stm32cube.ide.mcu.externaltools.gnu-tools-for-stm32.13.3.rel1.win32_1.0.0.202411081344/tools/bin/../lib/gcc/arm-none-eabi/13.3.1/thumb/v7e-m+fp/hard/crti.o
LOAD C:/ST/STM32CubeIDE_1.18.1/STM32CubeIDE/plugins/com.st.stm32cube.ide.mcu.externaltools.gnu-tools-for-stm32.13.3.rel1.win32_1.0.0.202411081344/tools/bin/../lib/gcc/arm-none-eabi/13.3.1/thumb/v7e-m+fp/hard/crtbegin.o
LOAD C:/ST/STM32CubeIDE_1.18.1/STM32CubeIDE/plugins/com.st.stm32cube.ide.mcu.externaltools.gnu-tools-for-stm32.13.3.rel1.win32_1.0.0.202411081344/tools/bin/../lib/gcc/arm-none-eabi/13.3.1/../../../../arm-none-eabi/lib/thumb/v7e-m+fp/hard/crt0.o
LOAD ./ControllerDriver/pid/Src/pid.o
LOAD ./Core/Src/main.o
LOAD ./Core/Src/stm32f4xx_hal_msp.o
LOAD ./Core/Src/stm32f4xx_it.o
LOAD ./Core/Src/syscalls.o
LOAD ./Core/Src/system_stm32f4xx.o
LOAD ./Core/Startup/startup_stm32f407vgtx.o
LOAD ./DigitalFilterLibrary/FIRFilter/Src/FIRFilter.o
LOAD ./DigitalFilterLibrary/RCFilter/Src/RCFilter.o
LOAD ./Drivers/STM32F4xx_HAL_Driver/Src/stm32f4xx_hal.o
LOAD ./Drivers/STM32F4xx_HAL_Driver/Src/stm32f4xx_hal_cortex.o
LOAD ./Drivers/STM32F4xx_HAL_Driver/Src/stm32f4xx_hal_dma.o
LOAD ./Drivers/STM32F4xx_HAL_Driver/Src/stm32f4xx_hal_dma_ex.o
LOAD ./Drivers/STM32F4xx_HAL_Driver/Src/stm32f4xx_hal_exti.o
LOAD ./Drivers/STM32F4xx_HAL_Driver/Src/stm32f4xx_hal_flash.o
LOAD ./Drivers/STM32F4xx_HAL_Driver/Src/stm32f4xx_hal_flash_ex.o
LOAD ./Drivers/STM32F4xx_HAL_Driver/Src/stm32f4xx_hal_flash_ramfunc.o
LOAD ./Drivers/STM32F4xx_HAL_Driver/Src/stm32f4xx_hal_gpio.o
LOAD ./Drivers/STM32F4xx_HAL_Driver/Src/stm32f4xx_hal_i2c.o
LOAD ./Drivers/STM32F4xx_HAL_Driver/Src/stm32f4xx_hal_i2c_ex.o
LOAD ./Drivers/STM32F4xx_HAL_Driver/Src/stm32f4xx_hal_pcd.o
LOAD ./Drivers/STM32F4xx_HAL_Driver/Src/stm32f4xx_hal_pcd_ex.o
LOAD ./Drivers/STM32F4xx_HAL_Driver/Src/stm32f4xx_hal_pwr.o
LOAD ./Drivers/STM32F4xx_HAL_Driver/Src/stm32f4xx_hal_pwr_ex.o
LOAD ./Drivers/STM32F4xx_HAL_Driver/Src/stm32f4xx_hal_rcc.o
LOAD ./Drivers/STM32F4xx_HAL_Driver/Src/stm32f4xx_hal_rcc_ex.o
LOAD ./Drivers/STM32F4xx_HAL_Driver/Src/stm32f4xx_hal_tim.o
LOAD ./Drivers/STM32F4xx_HAL_Driver/Src/stm32f4xx_hal_tim_ex.o
LOAD ./Drivers/STM32F4xx_HAL_Driver/Src/stm32f4xx_ll_usb.o
LOAD ./FlightInterfaceParser/Src/flight_parser.o
LOAD ./FligthControl/Src/flight_control.o
LOAD ./Middlewares/ST/STM32_USB_Device_Library/Class/CDC/Src/usbd_cdc.o
LOAD ./Middlewares/ST/STM32_USB_Device_Library/Core/Src/usbd_core.o
LOAD ./Middlewares/ST/STM32_USB_Device_Library/Core/Src/usbd_ctlreq.o
LOAD ./Middlewares/ST/STM32_USB_Device_Library/Core/Src/usbd_ioreq.o
LOAD ./QuadcopterModel/QuadcopterModel.o
LOAD ./QuadcopterModel/QuadcopterModel_data.o
LOAD ./SensorFusionLibrary/ComplementaryFilter/Src/complementary.o
LOAD ./SensorFusionLibrary/KalmanFilter1D/Src/KalmanFilter1D.o
LOAD ./SensorFusionLibrary/MadgwickAHRS/Src/MadgwickAHRS.o
LOAD ./SensorLibrary/HMC5883L/Src/hmc5883l.o
LOAD ./SensorLibrary/bmi160/Src/bmi160.o
LOAD ./SensorLibrary/bmi160/bmi160_port/Src/bmi160_port.o
LOAD ./SensorLibrary/bmp388/Src/bmp3.o
LOAD ./SensorLibrary/bmp388/bmp388_port/Src/bmp388_port.o
LOAD ./SensorLibrary/bmp388/bmp388_selftest/Src/bmp3_selftest.o
LOAD ./SoundEffect/Src/buzzer_tone.o
LOAD ./USB_DEVICE/App/usb_device.o
LOAD ./USB_DEVICE/App/usbd_cdc_if.o
LOAD ./USB_DEVICE/App/usbd_desc.o
LOAD ./USB_DEVICE/Target/usbd_conf.o
START GROUP
LOAD C:/ST/STM32CubeIDE_1.18.1/STM32CubeIDE/plugins/com.st.stm32cube.ide.mcu.externaltools.gnu-tools-for-stm32.13.3.rel1.win32_1.0.0.202411081344/tools/bin/../lib/gcc/arm-none-eabi/13.3.1/../../../../arm-none-eabi/lib/thumb/v7e-m+fp/hard\libc_nano.a
LOAD C:/ST/STM32CubeIDE_1.18.1/STM32CubeIDE/plugins/com.st.stm32cube.ide.mcu.externaltools.gnu-tools-for-stm32.13.3.rel1.win32_1.0.0.202411081344/tools/bin/../lib/gcc/arm-none-eabi/13.3.1/../../../../arm-none-eabi/lib/thumb/v7e-m+fp/hard\libm.a
END GROUP
START GROUP
LOAD C:/ST/STM32CubeIDE_1.18.1/STM32CubeIDE/plugins/com.st.stm32cube.ide.mcu.externaltools.gnu-tools-for-stm32.13.3.rel1.win32_1.0.0.202411081344/tools/bin/../lib/gcc/arm-none-eabi/13.3.1/thumb/v7e-m+fp/hard\libgcc.a
LOAD C:/ST/STM32CubeIDE_1.18.1/STM32CubeIDE/plugins/com.st.stm32cube.ide.mcu.externaltools.gnu-tools-for-stm32.13.3.rel1.win32_1.0.0.202411081344/tools/bin/../lib/gcc/arm-none-eabi/13.3.1/../../../../arm-none-eabi/lib/thumb/v7e-m+fp/hard\libc_nano.a
END GROUP
START GROUP
LOAD C:/ST/STM32CubeIDE_1.18.1/STM32CubeIDE/plugins/com.st.stm32cube.ide.mcu.externaltools.gnu-tools-for-stm32.13.3.rel1.win32_1.0.0.202411081344/tools/bin/../lib/gcc/arm-none-eabi/13.3.1/thumb/v7e-m+fp/hard\libgcc.a
LOAD C:/ST/STM32CubeIDE_1.18.1/STM32CubeIDE/plugins/com.st.stm32cube.ide.mcu.externaltools.gnu-tools-for-stm32.13.3.rel1.win32_1.0.0.202411081344/tools/bin/../lib/gcc/arm-none-eabi/13.3.1/../../../../arm-none-eabi/lib/thumb/v7e-m+fp/hard\libc_nano.a
LOAD C:/ST/STM32CubeIDE_1.18.1/STM32CubeIDE/plugins/com.st.stm32cube.ide.mcu.externaltools.gnu-tools-for-stm32.13.3.rel1.win32_1.0.0.202411081344/tools/bin/../lib/gcc/arm-none-eabi/13.3.1/../../../../arm-none-eabi/lib/thumb/v7e-m+fp/hard\libnosys.a
END GROUP
START GROUP
LOAD C:/ST/STM32CubeIDE_1.18.1/STM32CubeIDE/plugins/com.st.stm32cube.ide.mcu.externaltools.gnu-tools-for-stm32.13.3.rel1.win32_1.0.0.202411081344/tools/bin/../lib/gcc/arm-none-eabi/13.3.1/thumb/v7e-m+fp/hard\libgcc.a
LOAD C:/ST/STM32CubeIDE_1.18.1/STM32CubeIDE/plugins/com.st.stm32cube.ide.mcu.externaltools.gnu-tools-for-stm32.13.3.rel1.win32_1.0.0.202411081344/tools/bin/../lib/gcc/arm-none-eabi/13.3.1/../../../../arm-none-eabi/lib/thumb/v7e-m+fp/hard\libc_nano.a
LOAD C:/ST/STM32CubeIDE_1.18.1/STM32CubeIDE/plugins/com.st.stm32cube.ide.mcu.externaltools.gnu-tools-for-stm32.13.3.rel1.win32_1.0.0.202411081344/tools/bin/../lib/gcc/arm-none-eabi/13.3.1/../../../../arm-none-eabi/lib/thumb/v7e-m+fp/hard\libnosys.a
END GROUP
LOAD C:/ST/STM32CubeIDE_1.18.1/STM32CubeIDE/plugins/com.st.stm32cube.ide.mcu.externaltools.gnu-tools-for-stm32.13.3.rel1.win32_1.0.0.202411081344/tools/bin/../lib/gcc/arm-none-eabi/13.3.1/thumb/v7e-m+fp/hard/crtend.o
LOAD C:/ST/STM32CubeIDE_1.18.1/STM32CubeIDE/plugins/com.st.stm32cube.ide.mcu.externaltools.gnu-tools-for-stm32.13.3.rel1.win32_1.0.0.202411081344/tools/bin/../lib/gcc/arm-none-eabi/13.3.1/thumb/v7e-m+fp/hard/crtn.o
                0x20020000                        _estack = (ORIGIN (RAM) + LENGTH (RAM))
                0x00000200                        _Min_Heap_Size = 0x200
                0x00000400                        _Min_Stack_Size = 0x400

.isr_vector     0x08000000      0x188
                0x08000000                        . = ALIGN (0x4)
 *(.isr_vector)
 .isr_vector    0x08000000      0x188 ./Core/Startup/startup_stm32f407vgtx.o
                0x08000000                g_pfnVectors
                0x08000188                        . = ALIGN (0x4)

.text           0x08000190    0x12b50
                0x08000190                        . = ALIGN (0x4)
 *(.text)
 .text          0x08000190       0x40 C:/ST/STM32CubeIDE_1.18.1/STM32CubeIDE/plugins/com.st.stm32cube.ide.mcu.externaltools.gnu-tools-for-stm32.13.3.rel1.win32_1.0.0.202411081344/tools/bin/../lib/gcc/arm-none-eabi/13.3.1/thumb/v7e-m+fp/hard/crtbegin.o
 .text          0x080001d0       0xa0 C:/ST/STM32CubeIDE_1.18.1/STM32CubeIDE/plugins/com.st.stm32cube.ide.mcu.externaltools.gnu-tools-for-stm32.13.3.rel1.win32_1.0.0.202411081344/tools/bin/../lib/gcc/arm-none-eabi/13.3.1/../../../../arm-none-eabi/lib/thumb/v7e-m+fp/hard\libc_nano.a(libc_a-memchr.o)
                0x080001d0                memchr
 .text          0x08000270       0x10 C:/ST/STM32CubeIDE_1.18.1/STM32CubeIDE/plugins/com.st.stm32cube.ide.mcu.externaltools.gnu-tools-for-stm32.13.3.rel1.win32_1.0.0.202411081344/tools/bin/../lib/gcc/arm-none-eabi/13.3.1/../../../../arm-none-eabi/lib/thumb/v7e-m+fp/hard\libc_nano.a(libc_a-strlen.o)
                0x08000270                strlen
 .text          0x08000280      0x378 C:/ST/STM32CubeIDE_1.18.1/STM32CubeIDE/plugins/com.st.stm32cube.ide.mcu.externaltools.gnu-tools-for-stm32.13.3.rel1.win32_1.0.0.202411081344/tools/bin/../lib/gcc/arm-none-eabi/13.3.1/thumb/v7e-m+fp/hard\libgcc.a(_arm_addsubdf3.o)
                0x08000280                __aeabi_drsub
                0x08000288                __aeabi_dsub
                0x08000288                __subdf3
                0x0800028c                __aeabi_dadd
                0x0800028c                __adddf3
                0x08000504                __floatunsidf
                0x08000504                __aeabi_ui2d
                0x08000524                __floatsidf
                0x08000524                __aeabi_i2d
                0x08000548                __aeabi_f2d
                0x08000548                __extendsfdf2
                0x0800058c                __floatundidf
                0x0800058c                __aeabi_ul2d
                0x0800059c                __floatdidf
                0x0800059c                __aeabi_l2d
 .text          0x080005f8      0x424 C:/ST/STM32CubeIDE_1.18.1/STM32CubeIDE/plugins/com.st.stm32cube.ide.mcu.externaltools.gnu-tools-for-stm32.13.3.rel1.win32_1.0.0.202411081344/tools/bin/../lib/gcc/arm-none-eabi/13.3.1/thumb/v7e-m+fp/hard\libgcc.a(_arm_muldivdf3.o)
                0x080005f8                __aeabi_dmul
                0x080005f8                __muldf3
                0x0800084c                __divdf3
                0x0800084c                __aeabi_ddiv
 .text          0x08000a1c      0x110 C:/ST/STM32CubeIDE_1.18.1/STM32CubeIDE/plugins/com.st.stm32cube.ide.mcu.externaltools.gnu-tools-for-stm32.13.3.rel1.win32_1.0.0.202411081344/tools/bin/../lib/gcc/arm-none-eabi/13.3.1/thumb/v7e-m+fp/hard\libgcc.a(_arm_cmpdf2.o)
                0x08000a1c                __gtdf2
                0x08000a1c                __gedf2
                0x08000a24                __ltdf2
                0x08000a24                __ledf2
                0x08000a2c                __nedf2
                0x08000a2c                __eqdf2
                0x08000a2c                __cmpdf2
                0x08000aa8                __aeabi_cdrcmple
                0x08000ab8                __aeabi_cdcmpeq
                0x08000ab8                __aeabi_cdcmple
                0x08000ac8                __aeabi_dcmpeq
                0x08000adc                __aeabi_dcmplt
                0x08000af0                __aeabi_dcmple
                0x08000b04                __aeabi_dcmpge
                0x08000b18                __aeabi_dcmpgt
 .text          0x08000b2c       0x2c C:/ST/STM32CubeIDE_1.18.1/STM32CubeIDE/plugins/com.st.stm32cube.ide.mcu.externaltools.gnu-tools-for-stm32.13.3.rel1.win32_1.0.0.202411081344/tools/bin/../lib/gcc/arm-none-eabi/13.3.1/thumb/v7e-m+fp/hard\libgcc.a(_arm_unorddf2.o)
                0x08000b2c                __unorddf2
                0x08000b2c                __aeabi_dcmpun
 .text          0x08000b58       0x50 C:/ST/STM32CubeIDE_1.18.1/STM32CubeIDE/plugins/com.st.stm32cube.ide.mcu.externaltools.gnu-tools-for-stm32.13.3.rel1.win32_1.0.0.202411081344/tools/bin/../lib/gcc/arm-none-eabi/13.3.1/thumb/v7e-m+fp/hard\libgcc.a(_arm_fixdfsi.o)
                0x08000b58                __aeabi_d2iz
                0x08000b58                __fixdfsi
 .text          0x08000ba8       0x40 C:/ST/STM32CubeIDE_1.18.1/STM32CubeIDE/plugins/com.st.stm32cube.ide.mcu.externaltools.gnu-tools-for-stm32.13.3.rel1.win32_1.0.0.202411081344/tools/bin/../lib/gcc/arm-none-eabi/13.3.1/thumb/v7e-m+fp/hard\libgcc.a(_arm_fixunsdfsi.o)
                0x08000ba8                __aeabi_d2uiz
                0x08000ba8                __fixunsdfsi
 .text          0x08000be8       0xa0 C:/ST/STM32CubeIDE_1.18.1/STM32CubeIDE/plugins/com.st.stm32cube.ide.mcu.externaltools.gnu-tools-for-stm32.13.3.rel1.win32_1.0.0.202411081344/tools/bin/../lib/gcc/arm-none-eabi/13.3.1/thumb/v7e-m+fp/hard\libgcc.a(_arm_truncdfsf2.o)
                0x08000be8                __truncdfsf2
                0x08000be8                __aeabi_d2f
 .text          0x08000c88       0x30 C:/ST/STM32CubeIDE_1.18.1/STM32CubeIDE/plugins/com.st.stm32cube.ide.mcu.externaltools.gnu-tools-for-stm32.13.3.rel1.win32_1.0.0.202411081344/tools/bin/../lib/gcc/arm-none-eabi/13.3.1/thumb/v7e-m+fp/hard\libgcc.a(_aeabi_uldivmod.o)
                0x08000c88                __aeabi_uldivmod
 .text          0x08000cb8       0x30 C:/ST/STM32CubeIDE_1.18.1/STM32CubeIDE/plugins/com.st.stm32cube.ide.mcu.externaltools.gnu-tools-for-stm32.13.3.rel1.win32_1.0.0.202411081344/tools/bin/../lib/gcc/arm-none-eabi/13.3.1/thumb/v7e-m+fp/hard\libgcc.a(_fixdfdi.o)
                0x08000cb8                __fixdfdi
                0x08000cb8                __aeabi_d2lz
 .text          0x08000ce8       0x3c C:/ST/STM32CubeIDE_1.18.1/STM32CubeIDE/plugins/com.st.stm32cube.ide.mcu.externaltools.gnu-tools-for-stm32.13.3.rel1.win32_1.0.0.202411081344/tools/bin/../lib/gcc/arm-none-eabi/13.3.1/thumb/v7e-m+fp/hard\libgcc.a(_fixunsdfdi.o)
                0x08000ce8                __fixunsdfdi
                0x08000ce8                __aeabi_d2ulz
 .text          0x08000d24      0x2f8 C:/ST/STM32CubeIDE_1.18.1/STM32CubeIDE/plugins/com.st.stm32cube.ide.mcu.externaltools.gnu-tools-for-stm32.13.3.rel1.win32_1.0.0.202411081344/tools/bin/../lib/gcc/arm-none-eabi/13.3.1/thumb/v7e-m+fp/hard\libgcc.a(_udivmoddi4.o)
                0x08000d24                __udivmoddi4
 .text          0x0800101c        0x4 C:/ST/STM32CubeIDE_1.18.1/STM32CubeIDE/plugins/com.st.stm32cube.ide.mcu.externaltools.gnu-tools-for-stm32.13.3.rel1.win32_1.0.0.202411081344/tools/bin/../lib/gcc/arm-none-eabi/13.3.1/thumb/v7e-m+fp/hard\libgcc.a(_dvmd_tls.o)
                0x0800101c                __aeabi_idiv0
                0x0800101c                __aeabi_ldiv0
 *(.text*)
 .text.Kalman_Init
                0x08001020       0x64 ./Core/Src/main.o
                0x08001020                Kalman_Init
 .text.Kalman_Update
                0x08001084      0x1f8 ./Core/Src/main.o
                0x08001084                Kalman_Update
 .text.IMU_Update
                0x0800127c       0xf8 ./Core/Src/main.o
                0x0800127c                IMU_Update
 *fill*         0x08001374        0x4 
 .text.main     0x08001378      0x55c ./Core/Src/main.o
                0x08001378                main
 .text.SystemClock_Config
                0x080018d4       0xd4 ./Core/Src/main.o
                0x080018d4                SystemClock_Config
 .text.MX_I2C1_Init
                0x080019a8       0x5c ./Core/Src/main.o
 .text.MX_TIM2_Init
                0x08001a04       0xb4 ./Core/Src/main.o
 .text.MX_TIM6_Init
                0x08001ab8       0x68 ./Core/Src/main.o
 .text.MX_GPIO_Init
                0x08001b20       0xdc ./Core/Src/main.o
 .text.Error_Handler
                0x08001bfc       0x1c ./Core/Src/main.o
                0x08001bfc                Error_Handler
 .text.HAL_MspInit
                0x08001c18       0x60 ./Core/Src/stm32f4xx_hal_msp.o
                0x08001c18                HAL_MspInit
 .text.HAL_I2C_MspInit
                0x08001c78       0x90 ./Core/Src/stm32f4xx_hal_msp.o
                0x08001c78                HAL_I2C_MspInit
 .text.HAL_TIM_PWM_MspInit
                0x08001d08       0x40 ./Core/Src/stm32f4xx_hal_msp.o
                0x08001d08                HAL_TIM_PWM_MspInit
 .text.HAL_TIM_Base_MspInit
                0x08001d48       0x50 ./Core/Src/stm32f4xx_hal_msp.o
                0x08001d48                HAL_TIM_Base_MspInit
 .text.HAL_TIM_MspPostInit
                0x08001d98       0x70 ./Core/Src/stm32f4xx_hal_msp.o
                0x08001d98                HAL_TIM_MspPostInit
 .text.NMI_Handler
                0x08001e08        0x8 ./Core/Src/stm32f4xx_it.o
                0x08001e08                NMI_Handler
 .text.HardFault_Handler
                0x08001e10        0x8 ./Core/Src/stm32f4xx_it.o
                0x08001e10                HardFault_Handler
 .text.MemManage_Handler
                0x08001e18        0x8 ./Core/Src/stm32f4xx_it.o
                0x08001e18                MemManage_Handler
 .text.BusFault_Handler
                0x08001e20        0x8 ./Core/Src/stm32f4xx_it.o
                0x08001e20                BusFault_Handler
 .text.UsageFault_Handler
                0x08001e28        0x8 ./Core/Src/stm32f4xx_it.o
                0x08001e28                UsageFault_Handler
 .text.DebugMon_Handler
                0x08001e30        0xe ./Core/Src/stm32f4xx_it.o
                0x08001e30                DebugMon_Handler
 .text.SysTick_Handler
                0x08001e3e        0xc ./Core/Src/stm32f4xx_it.o
                0x08001e3e                SysTick_Handler
 .text.RCC_IRQHandler
                0x08001e4a        0xe ./Core/Src/stm32f4xx_it.o
                0x08001e4a                RCC_IRQHandler
 .text.TIM6_DAC_IRQHandler
                0x08001e58       0x14 ./Core/Src/stm32f4xx_it.o
                0x08001e58                TIM6_DAC_IRQHandler
 .text.OTG_FS_IRQHandler
                0x08001e6c       0x14 ./Core/Src/stm32f4xx_it.o
                0x08001e6c                OTG_FS_IRQHandler
 .text._getpid  0x08001e80       0x10 ./Core/Src/syscalls.o
                0x08001e80                _getpid
 .text._kill    0x08001e90       0x20 ./Core/Src/syscalls.o
                0x08001e90                _kill
 .text._exit    0x08001eb0       0x16 ./Core/Src/syscalls.o
                0x08001eb0                _exit
 .text._read    0x08001ec6       0x3a ./Core/Src/syscalls.o
                0x08001ec6                _read
 .text._write   0x08001f00       0x38 ./Core/Src/syscalls.o
                0x08001f00                _write
 .text._close   0x08001f38       0x18 ./Core/Src/syscalls.o
                0x08001f38                _close
 .text._fstat   0x08001f50       0x20 ./Core/Src/syscalls.o
                0x08001f50                _fstat
 .text._isatty  0x08001f70       0x16 ./Core/Src/syscalls.o
                0x08001f70                _isatty
 .text._lseek   0x08001f86       0x1a ./Core/Src/syscalls.o
                0x08001f86                _lseek
 .text.SystemInit
                0x08001fa0       0x24 ./Core/Src/system_stm32f4xx.o
                0x08001fa0                SystemInit
 .text.Reset_Handler
                0x08001fc4       0x50 ./Core/Startup/startup_stm32f407vgtx.o
                0x08001fc4                Reset_Handler
 .text.Default_Handler
                0x08002014        0x2 ./Core/Startup/startup_stm32f407vgtx.o
                0x08002014                RTC_Alarm_IRQHandler
                0x08002014                HASH_RNG_IRQHandler
                0x08002014                EXTI2_IRQHandler
                0x08002014                TIM8_CC_IRQHandler
                0x08002014                TIM1_CC_IRQHandler
                0x08002014                DMA2_Stream5_IRQHandler
                0x08002014                DMA1_Stream5_IRQHandler
                0x08002014                PVD_IRQHandler
                0x08002014                SDIO_IRQHandler
                0x08002014                TAMP_STAMP_IRQHandler
                0x08002014                PendSV_Handler
                0x08002014                CAN2_RX1_IRQHandler
                0x08002014                EXTI3_IRQHandler
                0x08002014                TIM8_TRG_COM_TIM14_IRQHandler
                0x08002014                TIM1_UP_TIM10_IRQHandler
                0x08002014                TIM8_UP_TIM13_IRQHandler
                0x08002014                I2C3_ER_IRQHandler
                0x08002014                EXTI0_IRQHandler
                0x08002014                I2C2_EV_IRQHandler
                0x08002014                DMA1_Stream2_IRQHandler
                0x08002014                CAN1_RX0_IRQHandler
                0x08002014                FPU_IRQHandler
                0x08002014                OTG_HS_WKUP_IRQHandler
                0x08002014                CAN2_SCE_IRQHandler
                0x08002014                DMA2_Stream2_IRQHandler
                0x08002014                SPI1_IRQHandler
                0x08002014                TIM1_BRK_TIM9_IRQHandler
                0x08002014                DCMI_IRQHandler
                0x08002014                CAN2_RX0_IRQHandler
                0x08002014                DMA2_Stream3_IRQHandler
                0x08002014                USART6_IRQHandler
                0x08002014                USART3_IRQHandler
                0x08002014                CAN1_RX1_IRQHandler
                0x08002014                UART5_IRQHandler
                0x08002014                DMA2_Stream0_IRQHandler
                0x08002014                TIM4_IRQHandler
                0x08002014                I2C1_EV_IRQHandler
                0x08002014                DMA1_Stream6_IRQHandler
                0x08002014                DMA1_Stream1_IRQHandler
                0x08002014                UART4_IRQHandler
                0x08002014                TIM3_IRQHandler
                0x08002014                TIM8_BRK_TIM12_IRQHandler
                0x08002014                Default_Handler
                0x08002014                EXTI15_10_IRQHandler
                0x08002014                ADC_IRQHandler
                0x08002014                DMA1_Stream7_IRQHandler
                0x08002014                TIM7_IRQHandler
                0x08002014                CAN2_TX_IRQHandler
                0x08002014                TIM5_IRQHandler
                0x08002014                DMA2_Stream7_IRQHandler
                0x08002014                I2C3_EV_IRQHandler
                0x08002014                EXTI9_5_IRQHandler
                0x08002014                RTC_WKUP_IRQHandler
                0x08002014                ETH_WKUP_IRQHandler
                0x08002014                SPI2_IRQHandler
                0x08002014                OTG_HS_EP1_IN_IRQHandler
                0x08002014                DMA1_Stream0_IRQHandler
                0x08002014                CAN1_TX_IRQHandler
                0x08002014                SVC_Handler
                0x08002014                EXTI4_IRQHandler
                0x08002014                FSMC_IRQHandler
                0x08002014                ETH_IRQHandler
                0x08002014                OTG_HS_EP1_OUT_IRQHandler
                0x08002014                WWDG_IRQHandler
                0x08002014                TIM2_IRQHandler
                0x08002014                OTG_FS_WKUP_IRQHandler
                0x08002014                TIM1_TRG_COM_TIM11_IRQHandler
                0x08002014                OTG_HS_IRQHandler
                0x08002014                EXTI1_IRQHandler
                0x08002014                USART2_IRQHandler
                0x08002014                I2C2_ER_IRQHandler
                0x08002014                DMA2_Stream1_IRQHandler
                0x08002014                CAN1_SCE_IRQHandler
                0x08002014                FLASH_IRQHandler
                0x08002014                DMA2_Stream4_IRQHandler
                0x08002014                USART1_IRQHandler
                0x08002014                SPI3_IRQHandler
                0x08002014                DMA1_Stream4_IRQHandler
                0x08002014                I2C1_ER_IRQHandler
                0x08002014                DMA2_Stream6_IRQHandler
                0x08002014                DMA1_Stream3_IRQHandler
 *fill*         0x08002016        0x2 
 .text.RCFilter_Init
                0x08002018       0x7c ./DigitalFilterLibrary/RCFilter/Src/RCFilter.o
                0x08002018                RCFilter_Init
 .text.HAL_Init
                0x08002094       0x44 ./Drivers/STM32F4xx_HAL_Driver/Src/stm32f4xx_hal.o
                0x08002094                HAL_Init
 .text.HAL_InitTick
                0x080020d8       0x60 ./Drivers/STM32F4xx_HAL_Driver/Src/stm32f4xx_hal.o
                0x080020d8                HAL_InitTick
 .text.HAL_IncTick
                0x08002138       0x28 ./Drivers/STM32F4xx_HAL_Driver/Src/stm32f4xx_hal.o
                0x08002138                HAL_IncTick
 .text.HAL_GetTick
                0x08002160       0x18 ./Drivers/STM32F4xx_HAL_Driver/Src/stm32f4xx_hal.o
                0x08002160                HAL_GetTick
 .text.HAL_Delay
                0x08002178       0x48 ./Drivers/STM32F4xx_HAL_Driver/Src/stm32f4xx_hal.o
                0x08002178                HAL_Delay
 .text.__NVIC_SetPriorityGrouping
                0x080021c0       0x48 ./Drivers/STM32F4xx_HAL_Driver/Src/stm32f4xx_hal_cortex.o
 .text.__NVIC_GetPriorityGrouping
                0x08002208       0x1c ./Drivers/STM32F4xx_HAL_Driver/Src/stm32f4xx_hal_cortex.o
 .text.__NVIC_EnableIRQ
                0x08002224       0x3c ./Drivers/STM32F4xx_HAL_Driver/Src/stm32f4xx_hal_cortex.o
 .text.__NVIC_SetPriority
                0x08002260       0x54 ./Drivers/STM32F4xx_HAL_Driver/Src/stm32f4xx_hal_cortex.o
 .text.NVIC_EncodePriority
                0x080022b4       0x66 ./Drivers/STM32F4xx_HAL_Driver/Src/stm32f4xx_hal_cortex.o
 *fill*         0x0800231a        0x2 
 .text.SysTick_Config
                0x0800231c       0x44 ./Drivers/STM32F4xx_HAL_Driver/Src/stm32f4xx_hal_cortex.o
 .text.HAL_NVIC_SetPriorityGrouping
                0x08002360       0x16 ./Drivers/STM32F4xx_HAL_Driver/Src/stm32f4xx_hal_cortex.o
                0x08002360                HAL_NVIC_SetPriorityGrouping
 .text.HAL_NVIC_SetPriority
                0x08002376       0x38 ./Drivers/STM32F4xx_HAL_Driver/Src/stm32f4xx_hal_cortex.o
                0x08002376                HAL_NVIC_SetPriority
 .text.HAL_NVIC_EnableIRQ
                0x080023ae       0x1c ./Drivers/STM32F4xx_HAL_Driver/Src/stm32f4xx_hal_cortex.o
                0x080023ae                HAL_NVIC_EnableIRQ
 .text.HAL_SYSTICK_Config
                0x080023ca       0x18 ./Drivers/STM32F4xx_HAL_Driver/Src/stm32f4xx_hal_cortex.o
                0x080023ca                HAL_SYSTICK_Config
 *fill*         0x080023e2        0x2 
 .text.HAL_GPIO_Init
                0x080023e4      0x338 ./Drivers/STM32F4xx_HAL_Driver/Src/stm32f4xx_hal_gpio.o
                0x080023e4                HAL_GPIO_Init
 .text.HAL_GPIO_WritePin
                0x0800271c       0x32 ./Drivers/STM32F4xx_HAL_Driver/Src/stm32f4xx_hal_gpio.o
                0x0800271c                HAL_GPIO_WritePin
 *fill*         0x0800274e        0x2 
 .text.HAL_I2C_Init
                0x08002750      0x288 ./Drivers/STM32F4xx_HAL_Driver/Src/stm32f4xx_hal_i2c.o
                0x08002750                HAL_I2C_Init
 .text.HAL_I2C_Mem_Write
                0x080029d8      0x1f4 ./Drivers/STM32F4xx_HAL_Driver/Src/stm32f4xx_hal_i2c.o
                0x080029d8                HAL_I2C_Mem_Write
 .text.HAL_I2C_Mem_Read
                0x08002bcc      0x464 ./Drivers/STM32F4xx_HAL_Driver/Src/stm32f4xx_hal_i2c.o
                0x08002bcc                HAL_I2C_Mem_Read
 .text.I2C_RequestMemoryWrite
                0x08003030      0x12c ./Drivers/STM32F4xx_HAL_Driver/Src/stm32f4xx_hal_i2c.o
 .text.I2C_RequestMemoryRead
                0x0800315c      0x1d0 ./Drivers/STM32F4xx_HAL_Driver/Src/stm32f4xx_hal_i2c.o
 .text.I2C_WaitOnFlagUntilTimeout
                0x0800332c       0xf4 ./Drivers/STM32F4xx_HAL_Driver/Src/stm32f4xx_hal_i2c.o
 .text.I2C_WaitOnMasterAddressFlagUntilTimeout
                0x08003420      0x140 ./Drivers/STM32F4xx_HAL_Driver/Src/stm32f4xx_hal_i2c.o
 .text.I2C_WaitOnTXEFlagUntilTimeout
                0x08003560       0x90 ./Drivers/STM32F4xx_HAL_Driver/Src/stm32f4xx_hal_i2c.o
 .text.I2C_WaitOnBTFFlagUntilTimeout
                0x080035f0       0x90 ./Drivers/STM32F4xx_HAL_Driver/Src/stm32f4xx_hal_i2c.o
 .text.I2C_WaitOnRXNEFlagUntilTimeout
                0x08003680       0xba ./Drivers/STM32F4xx_HAL_Driver/Src/stm32f4xx_hal_i2c.o
 .text.I2C_IsAcknowledgeFailed
                0x0800373a       0x5e ./Drivers/STM32F4xx_HAL_Driver/Src/stm32f4xx_hal_i2c.o
 .text.HAL_PCD_Init
                0x08003798      0x21e ./Drivers/STM32F4xx_HAL_Driver/Src/stm32f4xx_hal_pcd.o
                0x08003798                HAL_PCD_Init
 .text.HAL_PCD_Start
                0x080039b6       0x6a ./Drivers/STM32F4xx_HAL_Driver/Src/stm32f4xx_hal_pcd.o
                0x080039b6                HAL_PCD_Start
 .text.HAL_PCD_IRQHandler
                0x08003a20      0x942 ./Drivers/STM32F4xx_HAL_Driver/Src/stm32f4xx_hal_pcd.o
                0x08003a20                HAL_PCD_IRQHandler
 .text.HAL_PCD_SetAddress
                0x08004362       0x48 ./Drivers/STM32F4xx_HAL_Driver/Src/stm32f4xx_hal_pcd.o
                0x08004362                HAL_PCD_SetAddress
 .text.HAL_PCD_EP_Open
                0x080043aa       0xd4 ./Drivers/STM32F4xx_HAL_Driver/Src/stm32f4xx_hal_pcd.o
                0x080043aa                HAL_PCD_EP_Open
 .text.HAL_PCD_EP_Close
                0x0800447e       0x94 ./Drivers/STM32F4xx_HAL_Driver/Src/stm32f4xx_hal_pcd.o
                0x0800447e                HAL_PCD_EP_Close
 .text.HAL_PCD_EP_Receive
                0x08004512       0x76 ./Drivers/STM32F4xx_HAL_Driver/Src/stm32f4xx_hal_pcd.o
                0x08004512                HAL_PCD_EP_Receive
 .text.HAL_PCD_EP_GetRxCount
                0x08004588       0x30 ./Drivers/STM32F4xx_HAL_Driver/Src/stm32f4xx_hal_pcd.o
                0x08004588                HAL_PCD_EP_GetRxCount
 .text.HAL_PCD_EP_Transmit
                0x080045b8       0x74 ./Drivers/STM32F4xx_HAL_Driver/Src/stm32f4xx_hal_pcd.o
                0x080045b8                HAL_PCD_EP_Transmit
 .text.HAL_PCD_EP_SetStall
                0x0800462c       0xc6 ./Drivers/STM32F4xx_HAL_Driver/Src/stm32f4xx_hal_pcd.o
                0x0800462c                HAL_PCD_EP_SetStall
 .text.HAL_PCD_EP_ClrStall
                0x080046f2       0xac ./Drivers/STM32F4xx_HAL_Driver/Src/stm32f4xx_hal_pcd.o
                0x080046f2                HAL_PCD_EP_ClrStall
 .text.HAL_PCD_EP_Abort
                0x0800479e       0x62 ./Drivers/STM32F4xx_HAL_Driver/Src/stm32f4xx_hal_pcd.o
                0x0800479e                HAL_PCD_EP_Abort
 .text.PCD_WriteEmptyTxFifo
                0x08004800      0x118 ./Drivers/STM32F4xx_HAL_Driver/Src/stm32f4xx_hal_pcd.o
 .text.PCD_EP_OutXfrComplete_int
                0x08004918      0x1d0 ./Drivers/STM32F4xx_HAL_Driver/Src/stm32f4xx_hal_pcd.o
 .text.PCD_EP_OutSetupPacket_int
                0x08004ae8       0x8c ./Drivers/STM32F4xx_HAL_Driver/Src/stm32f4xx_hal_pcd.o
 .text.HAL_PCDEx_SetTxFiFo
                0x08004b74       0x8e ./Drivers/STM32F4xx_HAL_Driver/Src/stm32f4xx_hal_pcd_ex.o
                0x08004b74                HAL_PCDEx_SetTxFiFo
 .text.HAL_PCDEx_SetRxFiFo
                0x08004c02       0x22 ./Drivers/STM32F4xx_HAL_Driver/Src/stm32f4xx_hal_pcd_ex.o
                0x08004c02                HAL_PCDEx_SetRxFiFo
 .text.HAL_PCDEx_LPM_Callback
                0x08004c24       0x18 ./Drivers/STM32F4xx_HAL_Driver/Src/stm32f4xx_hal_pcd_ex.o
                0x08004c24                HAL_PCDEx_LPM_Callback
 .text.HAL_RCC_OscConfig
                0x08004c3c      0x4f0 ./Drivers/STM32F4xx_HAL_Driver/Src/stm32f4xx_hal_rcc.o
                0x08004c3c                HAL_RCC_OscConfig
 .text.HAL_RCC_ClockConfig
                0x0800512c      0x1cc ./Drivers/STM32F4xx_HAL_Driver/Src/stm32f4xx_hal_rcc.o
                0x0800512c                HAL_RCC_ClockConfig
 .text.HAL_RCC_GetSysClockFreq
                0x080052f8      0x20c ./Drivers/STM32F4xx_HAL_Driver/Src/stm32f4xx_hal_rcc.o
                0x080052f8                HAL_RCC_GetSysClockFreq
 .text.HAL_RCC_GetHCLKFreq
                0x08005504       0x18 ./Drivers/STM32F4xx_HAL_Driver/Src/stm32f4xx_hal_rcc.o
                0x08005504                HAL_RCC_GetHCLKFreq
 .text.HAL_RCC_GetPCLK1Freq
                0x0800551c       0x28 ./Drivers/STM32F4xx_HAL_Driver/Src/stm32f4xx_hal_rcc.o
                0x0800551c                HAL_RCC_GetPCLK1Freq
 .text.HAL_TIM_Base_Init
                0x08005544       0x9e ./Drivers/STM32F4xx_HAL_Driver/Src/stm32f4xx_hal_tim.o
                0x08005544                HAL_TIM_Base_Init
 *fill*         0x080055e2        0x2 
 .text.HAL_TIM_Base_Start_IT
                0x080055e4       0xe0 ./Drivers/STM32F4xx_HAL_Driver/Src/stm32f4xx_hal_tim.o
                0x080055e4                HAL_TIM_Base_Start_IT
 .text.HAL_TIM_Base_Stop_IT
                0x080056c4       0x5e ./Drivers/STM32F4xx_HAL_Driver/Src/stm32f4xx_hal_tim.o
                0x080056c4                HAL_TIM_Base_Stop_IT
 .text.HAL_TIM_PWM_Init
                0x08005722       0x9e ./Drivers/STM32F4xx_HAL_Driver/Src/stm32f4xx_hal_tim.o
                0x08005722                HAL_TIM_PWM_Init
 .text.HAL_TIM_IRQHandler
                0x080057c0      0x1e0 ./Drivers/STM32F4xx_HAL_Driver/Src/stm32f4xx_hal_tim.o
                0x080057c0                HAL_TIM_IRQHandler
 .text.HAL_TIM_PWM_ConfigChannel
                0x080059a0      0x184 ./Drivers/STM32F4xx_HAL_Driver/Src/stm32f4xx_hal_tim.o
                0x080059a0                HAL_TIM_PWM_ConfigChannel
 .text.HAL_TIM_OC_DelayElapsedCallback
                0x08005b24       0x14 ./Drivers/STM32F4xx_HAL_Driver/Src/stm32f4xx_hal_tim.o
                0x08005b24                HAL_TIM_OC_DelayElapsedCallback
 .text.HAL_TIM_IC_CaptureCallback
                0x08005b38       0x14 ./Drivers/STM32F4xx_HAL_Driver/Src/stm32f4xx_hal_tim.o
                0x08005b38                HAL_TIM_IC_CaptureCallback
 .text.HAL_TIM_PWM_PulseFinishedCallback
                0x08005b4c       0x14 ./Drivers/STM32F4xx_HAL_Driver/Src/stm32f4xx_hal_tim.o
                0x08005b4c                HAL_TIM_PWM_PulseFinishedCallback
 .text.HAL_TIM_TriggerCallback
                0x08005b60       0x14 ./Drivers/STM32F4xx_HAL_Driver/Src/stm32f4xx_hal_tim.o
                0x08005b60                HAL_TIM_TriggerCallback
 .text.TIM_Base_SetConfig
                0x08005b74      0x158 ./Drivers/STM32F4xx_HAL_Driver/Src/stm32f4xx_hal_tim.o
                0x08005b74                TIM_Base_SetConfig
 .text.TIM_OC1_SetConfig
                0x08005ccc       0xe0 ./Drivers/STM32F4xx_HAL_Driver/Src/stm32f4xx_hal_tim.o
 .text.TIM_OC2_SetConfig
                0x08005dac       0xec ./Drivers/STM32F4xx_HAL_Driver/Src/stm32f4xx_hal_tim.o
                0x08005dac                TIM_OC2_SetConfig
 .text.TIM_OC3_SetConfig
                0x08005e98       0xe8 ./Drivers/STM32F4xx_HAL_Driver/Src/stm32f4xx_hal_tim.o
 .text.TIM_OC4_SetConfig
                0x08005f80       0xac ./Drivers/STM32F4xx_HAL_Driver/Src/stm32f4xx_hal_tim.o
 .text.HAL_TIMEx_MasterConfigSynchronization
                0x0800602c       0xf8 ./Drivers/STM32F4xx_HAL_Driver/Src/stm32f4xx_hal_tim_ex.o
                0x0800602c                HAL_TIMEx_MasterConfigSynchronization
 .text.HAL_TIMEx_CommutCallback
                0x08006124       0x14 ./Drivers/STM32F4xx_HAL_Driver/Src/stm32f4xx_hal_tim_ex.o
                0x08006124                HAL_TIMEx_CommutCallback
 .text.HAL_TIMEx_BreakCallback
                0x08006138       0x14 ./Drivers/STM32F4xx_HAL_Driver/Src/stm32f4xx_hal_tim_ex.o
                0x08006138                HAL_TIMEx_BreakCallback
 .text.USB_CoreInit
                0x0800614c       0xc8 ./Drivers/STM32F4xx_HAL_Driver/Src/stm32f4xx_ll_usb.o
                0x0800614c                USB_CoreInit
 .text.USB_SetTurnaroundTime
                0x08006214      0x144 ./Drivers/STM32F4xx_HAL_Driver/Src/stm32f4xx_ll_usb.o
                0x08006214                USB_SetTurnaroundTime
 .text.USB_EnableGlobalInt
                0x08006358       0x22 ./Drivers/STM32F4xx_HAL_Driver/Src/stm32f4xx_ll_usb.o
                0x08006358                USB_EnableGlobalInt
 .text.USB_DisableGlobalInt
                0x0800637a       0x22 ./Drivers/STM32F4xx_HAL_Driver/Src/stm32f4xx_ll_usb.o
                0x0800637a                USB_DisableGlobalInt
 .text.USB_SetCurrentMode
                0x0800639c       0x98 ./Drivers/STM32F4xx_HAL_Driver/Src/stm32f4xx_ll_usb.o
                0x0800639c                USB_SetCurrentMode
 .text.USB_DevInit
                0x08006434      0x2c8 ./Drivers/STM32F4xx_HAL_Driver/Src/stm32f4xx_ll_usb.o
                0x08006434                USB_DevInit
 .text.USB_FlushTxFifo
                0x080066fc       0x64 ./Drivers/STM32F4xx_HAL_Driver/Src/stm32f4xx_ll_usb.o
                0x080066fc                USB_FlushTxFifo
 .text.USB_FlushRxFifo
                0x08006760       0x5c ./Drivers/STM32F4xx_HAL_Driver/Src/stm32f4xx_ll_usb.o
                0x08006760                USB_FlushRxFifo
 .text.USB_SetDevSpeed
                0x080067bc       0x32 ./Drivers/STM32F4xx_HAL_Driver/Src/stm32f4xx_ll_usb.o
                0x080067bc                USB_SetDevSpeed
 .text.USB_GetDevSpeed
                0x080067ee       0x4a ./Drivers/STM32F4xx_HAL_Driver/Src/stm32f4xx_ll_usb.o
                0x080067ee                USB_GetDevSpeed
 .text.USB_ActivateEndpoint
                0x08006838      0x10e ./Drivers/STM32F4xx_HAL_Driver/Src/stm32f4xx_ll_usb.o
                0x08006838                USB_ActivateEndpoint
 *fill*         0x08006946        0x2 
 .text.USB_DeactivateEndpoint
                0x08006948      0x1b8 ./Drivers/STM32F4xx_HAL_Driver/Src/stm32f4xx_ll_usb.o
                0x08006948                USB_DeactivateEndpoint
 .text.USB_EPStartXfer
                0x08006b00      0x53c ./Drivers/STM32F4xx_HAL_Driver/Src/stm32f4xx_ll_usb.o
                0x08006b00                USB_EPStartXfer
 .text.USB_EPStopXfer
                0x0800703c      0x154 ./Drivers/STM32F4xx_HAL_Driver/Src/stm32f4xx_ll_usb.o
                0x0800703c                USB_EPStopXfer
 .text.USB_WritePacket
                0x08007190       0x7c ./Drivers/STM32F4xx_HAL_Driver/Src/stm32f4xx_ll_usb.o
                0x08007190                USB_WritePacket
 .text.USB_ReadPacket
                0x0800720c       0xb0 ./Drivers/STM32F4xx_HAL_Driver/Src/stm32f4xx_ll_usb.o
                0x0800720c                USB_ReadPacket
 .text.USB_EPSetStall
                0x080072bc       0xdc ./Drivers/STM32F4xx_HAL_Driver/Src/stm32f4xx_ll_usb.o
                0x080072bc                USB_EPSetStall
 .text.USB_EPClearStall
                0x08007398       0xcc ./Drivers/STM32F4xx_HAL_Driver/Src/stm32f4xx_ll_usb.o
                0x08007398                USB_EPClearStall
 .text.USB_SetDevAddress
                0x08007464       0x4c ./Drivers/STM32F4xx_HAL_Driver/Src/stm32f4xx_ll_usb.o
                0x08007464                USB_SetDevAddress
 .text.USB_DevConnect
                0x080074b0       0x42 ./Drivers/STM32F4xx_HAL_Driver/Src/stm32f4xx_ll_usb.o
                0x080074b0                USB_DevConnect
 .text.USB_DevDisconnect
                0x080074f2       0x42 ./Drivers/STM32F4xx_HAL_Driver/Src/stm32f4xx_ll_usb.o
                0x080074f2                USB_DevDisconnect
 .text.USB_ReadInterrupts
                0x08007534       0x26 ./Drivers/STM32F4xx_HAL_Driver/Src/stm32f4xx_ll_usb.o
                0x08007534                USB_ReadInterrupts
 .text.USB_ReadDevAllOutEpInterrupt
                0x0800755a       0x34 ./Drivers/STM32F4xx_HAL_Driver/Src/stm32f4xx_ll_usb.o
                0x0800755a                USB_ReadDevAllOutEpInterrupt
 .text.USB_ReadDevAllInEpInterrupt
                0x0800758e       0x34 ./Drivers/STM32F4xx_HAL_Driver/Src/stm32f4xx_ll_usb.o
                0x0800758e                USB_ReadDevAllInEpInterrupt
 .text.USB_ReadDevOutEPInterrupt
                0x080075c2       0x3c ./Drivers/STM32F4xx_HAL_Driver/Src/stm32f4xx_ll_usb.o
                0x080075c2                USB_ReadDevOutEPInterrupt
 .text.USB_ReadDevInEPInterrupt
                0x080075fe       0x5c ./Drivers/STM32F4xx_HAL_Driver/Src/stm32f4xx_ll_usb.o
                0x080075fe                USB_ReadDevInEPInterrupt
 .text.USB_GetMode
                0x0800765a       0x1c ./Drivers/STM32F4xx_HAL_Driver/Src/stm32f4xx_ll_usb.o
                0x0800765a                USB_GetMode
 .text.USB_ActivateSetup
                0x08007676       0x46 ./Drivers/STM32F4xx_HAL_Driver/Src/stm32f4xx_ll_usb.o
                0x08007676                USB_ActivateSetup
 .text.USB_EP0_OutStart
                0x080076bc       0xbc ./Drivers/STM32F4xx_HAL_Driver/Src/stm32f4xx_ll_usb.o
                0x080076bc                USB_EP0_OutStart
 .text.USB_CoreReset
                0x08007778       0x62 ./Drivers/STM32F4xx_HAL_Driver/Src/stm32f4xx_ll_usb.o
 *fill*         0x080077da        0x2 
 .text.USBD_CDC_Init
                0x080077dc      0x1f0 ./Middlewares/ST/STM32_USB_Device_Library/Class/CDC/Src/usbd_cdc.o
 .text.USBD_CDC_DeInit
                0x080079cc      0x104 ./Middlewares/ST/STM32_USB_Device_Library/Class/CDC/Src/usbd_cdc.o
 .text.USBD_CDC_Setup
                0x08007ad0      0x1b8 ./Middlewares/ST/STM32_USB_Device_Library/Class/CDC/Src/usbd_cdc.o
 .text.USBD_CDC_DataIn
                0x08007c88       0xfe ./Middlewares/ST/STM32_USB_Device_Library/Class/CDC/Src/usbd_cdc.o
 .text.USBD_CDC_DataOut
                0x08007d86       0x70 ./Middlewares/ST/STM32_USB_Device_Library/Class/CDC/Src/usbd_cdc.o
 .text.USBD_CDC_EP0_RxReady
                0x08007df6       0x74 ./Middlewares/ST/STM32_USB_Device_Library/Class/CDC/Src/usbd_cdc.o
 *fill*         0x08007e6a        0x2 
 .text.USBD_CDC_GetFSCfgDesc
                0x08007e6c       0x70 ./Middlewares/ST/STM32_USB_Device_Library/Class/CDC/Src/usbd_cdc.o
 .text.USBD_CDC_GetHSCfgDesc
                0x08007edc       0x70 ./Middlewares/ST/STM32_USB_Device_Library/Class/CDC/Src/usbd_cdc.o
 .text.USBD_CDC_GetOtherSpeedCfgDesc
                0x08007f4c       0x70 ./Middlewares/ST/STM32_USB_Device_Library/Class/CDC/Src/usbd_cdc.o
 .text.USBD_CDC_GetDeviceQualifierDescriptor
                0x08007fbc       0x20 ./Middlewares/ST/STM32_USB_Device_Library/Class/CDC/Src/usbd_cdc.o
                0x08007fbc                USBD_CDC_GetDeviceQualifierDescriptor
 .text.USBD_CDC_RegisterInterface
                0x08007fdc       0x34 ./Middlewares/ST/STM32_USB_Device_Library/Class/CDC/Src/usbd_cdc.o
                0x08007fdc                USBD_CDC_RegisterInterface
 .text.USBD_CDC_SetTxBuffer
                0x08008010       0x44 ./Middlewares/ST/STM32_USB_Device_Library/Class/CDC/Src/usbd_cdc.o
                0x08008010                USBD_CDC_SetTxBuffer
 .text.USBD_CDC_SetRxBuffer
                0x08008054       0x3a ./Middlewares/ST/STM32_USB_Device_Library/Class/CDC/Src/usbd_cdc.o
                0x08008054                USBD_CDC_SetRxBuffer
 *fill*         0x0800808e        0x2 
 .text.USBD_CDC_TransmitPacket
                0x08008090       0x80 ./Middlewares/ST/STM32_USB_Device_Library/Class/CDC/Src/usbd_cdc.o
                0x08008090                USBD_CDC_TransmitPacket
 .text.USBD_CDC_ReceivePacket
                0x08008110       0x6c ./Middlewares/ST/STM32_USB_Device_Library/Class/CDC/Src/usbd_cdc.o
                0x08008110                USBD_CDC_ReceivePacket
 .text.USBD_Init
                0x0800817c       0x60 ./Middlewares/ST/STM32_USB_Device_Library/Core/Src/usbd_core.o
                0x0800817c                USBD_Init
 .text.USBD_RegisterClass
                0x080081dc       0x6c ./Middlewares/ST/STM32_USB_Device_Library/Core/Src/usbd_core.o
                0x080081dc                USBD_RegisterClass
 .text.USBD_Start
                0x08008248       0x18 ./Middlewares/ST/STM32_USB_Device_Library/Core/Src/usbd_core.o
                0x08008248                USBD_Start
 .text.USBD_RunTestMode
                0x08008260       0x16 ./Middlewares/ST/STM32_USB_Device_Library/Core/Src/usbd_core.o
                0x08008260                USBD_RunTestMode
 .text.USBD_SetClassConfig
                0x08008276       0x38 ./Middlewares/ST/STM32_USB_Device_Library/Core/Src/usbd_core.o
                0x08008276                USBD_SetClassConfig
 .text.USBD_ClrClassConfig
                0x080082ae       0x34 ./Middlewares/ST/STM32_USB_Device_Library/Core/Src/usbd_core.o
                0x080082ae                USBD_ClrClassConfig
 .text.USBD_LL_SetupStage
                0x080082e2       0xaa ./Middlewares/ST/STM32_USB_Device_Library/Core/Src/usbd_core.o
                0x080082e2                USBD_LL_SetupStage
 .text.USBD_LL_DataOutStage
                0x0800838c      0x166 ./Middlewares/ST/STM32_USB_Device_Library/Core/Src/usbd_core.o
                0x0800838c                USBD_LL_DataOutStage
 .text.USBD_LL_DataInStage
                0x080084f2      0x164 ./Middlewares/ST/STM32_USB_Device_Library/Core/Src/usbd_core.o
                0x080084f2                USBD_LL_DataInStage
 .text.USBD_LL_Reset
                0x08008656       0xa4 ./Middlewares/ST/STM32_USB_Device_Library/Core/Src/usbd_core.o
                0x08008656                USBD_LL_Reset
 .text.USBD_LL_SetSpeed
                0x080086fa       0x20 ./Middlewares/ST/STM32_USB_Device_Library/Core/Src/usbd_core.o
                0x080086fa                USBD_LL_SetSpeed
 .text.USBD_LL_Suspend
                0x0800871a       0x38 ./Middlewares/ST/STM32_USB_Device_Library/Core/Src/usbd_core.o
                0x0800871a                USBD_LL_Suspend
 .text.USBD_LL_Resume
                0x08008752       0x30 ./Middlewares/ST/STM32_USB_Device_Library/Core/Src/usbd_core.o
                0x08008752                USBD_LL_Resume
 .text.USBD_LL_SOF
                0x08008782       0x40 ./Middlewares/ST/STM32_USB_Device_Library/Core/Src/usbd_core.o
                0x08008782                USBD_LL_SOF
 .text.USBD_LL_IsoINIncomplete
                0x080087c2       0x64 ./Middlewares/ST/STM32_USB_Device_Library/Core/Src/usbd_core.o
                0x080087c2                USBD_LL_IsoINIncomplete
 .text.USBD_LL_IsoOUTIncomplete
                0x08008826       0x64 ./Middlewares/ST/STM32_USB_Device_Library/Core/Src/usbd_core.o
                0x08008826                USBD_LL_IsoOUTIncomplete
 .text.USBD_LL_DevConnected
                0x0800888a       0x16 ./Middlewares/ST/STM32_USB_Device_Library/Core/Src/usbd_core.o
                0x0800888a                USBD_LL_DevConnected
 .text.USBD_LL_DevDisconnected
                0x080088a0       0x46 ./Middlewares/ST/STM32_USB_Device_Library/Core/Src/usbd_core.o
                0x080088a0                USBD_LL_DevDisconnected
 .text.USBD_CoreFindIF
                0x080088e6       0x1a ./Middlewares/ST/STM32_USB_Device_Library/Core/Src/usbd_core.o
                0x080088e6                USBD_CoreFindIF
 .text.USBD_CoreFindEP
                0x08008900       0x1a ./Middlewares/ST/STM32_USB_Device_Library/Core/Src/usbd_core.o
                0x08008900                USBD_CoreFindEP
 .text.USBD_GetEpDesc
                0x0800891a       0x70 ./Middlewares/ST/STM32_USB_Device_Library/Core/Src/usbd_core.o
                0x0800891a                USBD_GetEpDesc
 .text.USBD_GetNextDesc
                0x0800898a       0x38 ./Middlewares/ST/STM32_USB_Device_Library/Core/Src/usbd_core.o
                0x0800898a                USBD_GetNextDesc
 .text.SWAPBYTE
                0x080089c2       0x3e ./Middlewares/ST/STM32_USB_Device_Library/Core/Src/usbd_ctlreq.o
 .text.USBD_StdDevReq
                0x08008a00       0xe4 ./Middlewares/ST/STM32_USB_Device_Library/Core/Src/usbd_ctlreq.o
                0x08008a00                USBD_StdDevReq
 .text.USBD_StdItfReq
                0x08008ae4       0xd8 ./Middlewares/ST/STM32_USB_Device_Library/Core/Src/usbd_ctlreq.o
                0x08008ae4                USBD_StdItfReq
 .text.USBD_StdEPReq
                0x08008bbc      0x33a ./Middlewares/ST/STM32_USB_Device_Library/Core/Src/usbd_ctlreq.o
                0x08008bbc                USBD_StdEPReq
 *fill*         0x08008ef6        0x2 
 .text.USBD_GetDescriptor
                0x08008ef8      0x2d4 ./Middlewares/ST/STM32_USB_Device_Library/Core/Src/usbd_ctlreq.o
 .text.USBD_SetAddress
                0x080091cc       0x88 ./Middlewares/ST/STM32_USB_Device_Library/Core/Src/usbd_ctlreq.o
 .text.USBD_SetConfig
                0x08009254      0x154 ./Middlewares/ST/STM32_USB_Device_Library/Core/Src/usbd_ctlreq.o
 .text.USBD_GetConfig
                0x080093a8       0x6c ./Middlewares/ST/STM32_USB_Device_Library/Core/Src/usbd_ctlreq.o
 .text.USBD_GetStatus
                0x08009414       0x68 ./Middlewares/ST/STM32_USB_Device_Library/Core/Src/usbd_ctlreq.o
 .text.USBD_SetFeature
                0x0800947c       0x52 ./Middlewares/ST/STM32_USB_Device_Library/Core/Src/usbd_ctlreq.o
 .text.USBD_ClrFeature
                0x080094ce       0x44 ./Middlewares/ST/STM32_USB_Device_Library/Core/Src/usbd_ctlreq.o
 .text.USBD_ParseSetupRequest
                0x08009512       0x74 ./Middlewares/ST/STM32_USB_Device_Library/Core/Src/usbd_ctlreq.o
                0x08009512                USBD_ParseSetupRequest
 .text.USBD_CtlError
                0x08009586       0x22 ./Middlewares/ST/STM32_USB_Device_Library/Core/Src/usbd_ctlreq.o
                0x08009586                USBD_CtlError
 .text.USBD_GetString
                0x080095a8       0xa4 ./Middlewares/ST/STM32_USB_Device_Library/Core/Src/usbd_ctlreq.o
                0x080095a8                USBD_GetString
 .text.USBD_GetLen
                0x0800964c       0x34 ./Middlewares/ST/STM32_USB_Device_Library/Core/Src/usbd_ctlreq.o
 .text.USBD_CtlSendData
                0x08009680       0x36 ./Middlewares/ST/STM32_USB_Device_Library/Core/Src/usbd_ioreq.o
                0x08009680                USBD_CtlSendData
 .text.USBD_CtlContinueSendData
                0x080096b6       0x22 ./Middlewares/ST/STM32_USB_Device_Library/Core/Src/usbd_ioreq.o
                0x080096b6                USBD_CtlContinueSendData
 .text.USBD_CtlPrepareRx
                0x080096d8       0x3a ./Middlewares/ST/STM32_USB_Device_Library/Core/Src/usbd_ioreq.o
                0x080096d8                USBD_CtlPrepareRx
 .text.USBD_CtlContinueRx
                0x08009712       0x22 ./Middlewares/ST/STM32_USB_Device_Library/Core/Src/usbd_ioreq.o
                0x08009712                USBD_CtlContinueRx
 .text.USBD_CtlSendStatus
                0x08009734       0x26 ./Middlewares/ST/STM32_USB_Device_Library/Core/Src/usbd_ioreq.o
                0x08009734                USBD_CtlSendStatus
 .text.USBD_CtlReceiveStatus
                0x0800975a       0x26 ./Middlewares/ST/STM32_USB_Device_Library/Core/Src/usbd_ioreq.o
                0x0800975a                USBD_CtlReceiveStatus
 .text.bmi160_get_regs
                0x08009780       0x6e ./SensorLibrary/bmi160/Src/bmi160.o
                0x08009780                bmi160_get_regs
 .text.bmi160_set_regs
                0x080097ee       0xda ./SensorLibrary/bmi160/Src/bmi160.o
                0x080097ee                bmi160_set_regs
 .text.bmi160_init
                0x080098c8       0xaa ./SensorLibrary/bmi160/Src/bmi160.o
                0x080098c8                bmi160_init
 .text.bmi160_soft_reset
                0x08009972       0x7c ./SensorLibrary/bmi160/Src/bmi160.o
                0x08009972                bmi160_soft_reset
 .text.bmi160_set_sens_conf
                0x080099ee       0x6e ./SensorLibrary/bmi160/Src/bmi160.o
                0x080099ee                bmi160_set_sens_conf
 .text.bmi160_set_power_mode
                0x08009a5c       0x4a ./SensorLibrary/bmi160/Src/bmi160.o
                0x08009a5c                bmi160_set_power_mode
 .text.bmi160_get_sensor_data
                0x08009aa6       0xce ./SensorLibrary/bmi160/Src/bmi160.o
                0x08009aa6                bmi160_get_sensor_data
 .text.bmi160_perform_self_test
                0x08009b74       0x9c ./SensorLibrary/bmi160/Src/bmi160.o
                0x08009b74                bmi160_perform_self_test
 .text.bmi160_get_offsets
                0x08009c10      0x102 ./SensorLibrary/bmi160/Src/bmi160.o
                0x08009c10                bmi160_get_offsets
 .text.bmi160_set_offsets
                0x08009d12      0x112 ./SensorLibrary/bmi160/Src/bmi160.o
                0x08009d12                bmi160_set_offsets
 .text.null_ptr_check
                0x08009e24       0x46 ./SensorLibrary/bmi160/Src/bmi160.o
 .text.default_param_settg
                0x08009e6a       0x6c ./SensorLibrary/bmi160/Src/bmi160.o
 .text.set_accel_conf
                0x08009ed6       0x8a ./SensorLibrary/bmi160/Src/bmi160.o
 .text.check_accel_config
                0x08009f60       0x66 ./SensorLibrary/bmi160/Src/bmi160.o
 .text.process_accel_odr
                0x08009fc6       0x70 ./SensorLibrary/bmi160/Src/bmi160.o
 .text.process_accel_bw
                0x0800a036       0x74 ./SensorLibrary/bmi160/Src/bmi160.o
 .text.process_accel_range
                0x0800a0aa       0x70 ./SensorLibrary/bmi160/Src/bmi160.o
 .text.check_invalid_settg
                0x0800a11a       0x6a ./SensorLibrary/bmi160/Src/bmi160.o
 .text.set_gyro_conf
                0x0800a184       0x8a ./SensorLibrary/bmi160/Src/bmi160.o
 .text.check_gyro_config
                0x0800a20e       0x66 ./SensorLibrary/bmi160/Src/bmi160.o
 .text.process_gyro_odr
                0x0800a274       0x70 ./SensorLibrary/bmi160/Src/bmi160.o
 .text.process_gyro_bw
                0x0800a2e4       0x64 ./SensorLibrary/bmi160/Src/bmi160.o
 .text.process_gyro_range
                0x0800a348       0x70 ./SensorLibrary/bmi160/Src/bmi160.o
 .text.set_accel_pwr
                0x0800a3b8       0x96 ./SensorLibrary/bmi160/Src/bmi160.o
 .text.process_under_sampling
                0x0800a44e       0xac ./SensorLibrary/bmi160/Src/bmi160.o
 .text.set_gyro_pwr
                0x0800a4fa       0xa0 ./SensorLibrary/bmi160/Src/bmi160.o
 .text.get_accel_data
                0x0800a59a      0x198 ./SensorLibrary/bmi160/Src/bmi160.o
 .text.get_gyro_data
                0x0800a732      0x29c ./SensorLibrary/bmi160/Src/bmi160.o
 .text.get_accel_gyro_data
                0x0800a9ce      0x286 ./SensorLibrary/bmi160/Src/bmi160.o
 .text.perform_accel_self_test
                0x0800ac54       0x72 ./SensorLibrary/bmi160/Src/bmi160.o
 .text.enable_accel_self_test
                0x0800acc6       0x4c ./SensorLibrary/bmi160/Src/bmi160.o
 .text.accel_self_test_positive_excitation
                0x0800ad12       0x4e ./SensorLibrary/bmi160/Src/bmi160.o
 .text.accel_self_test_negative_excitation
                0x0800ad60       0x4e ./SensorLibrary/bmi160/Src/bmi160.o
 .text.validate_accel_self_test
                0x0800adae       0x66 ./SensorLibrary/bmi160/Src/bmi160.o
 .text.perform_gyro_self_test
                0x0800ae14       0x3a ./SensorLibrary/bmi160/Src/bmi160.o
 .text.enable_gyro_self_test
                0x0800ae4e       0x5c ./SensorLibrary/bmi160/Src/bmi160.o
 .text.validate_gyro_self_test
                0x0800aeaa       0x4c ./SensorLibrary/bmi160/Src/bmi160.o
 *fill*         0x0800aef6        0x2 
 .text.bmi160_i2c_write
                0x0800aef8       0x48 ./SensorLibrary/bmi160/bmi160_port/Src/bmi160_port.o
                0x0800aef8                bmi160_i2c_write
 .text.bmi160_i2c_read
                0x0800af40       0x50 ./SensorLibrary/bmi160/bmi160_port/Src/bmi160_port.o
                0x0800af40                bmi160_i2c_read
 .text.delay_ms
                0x0800af90       0x16 ./SensorLibrary/bmi160/bmi160_port/Src/bmi160_port.o
                0x0800af90                delay_ms
 *fill*         0x0800afa6        0x2 
 .text.bmi160_interface_init
                0x0800afa8      0x1f0 ./SensorLibrary/bmi160/bmi160_port/Src/bmi160_port.o
                0x0800afa8                bmi160_interface_init
 .text.bmi160_calibration
                0x0800b198      0x318 ./SensorLibrary/bmi160/bmi160_port/Src/bmi160_port.o
                0x0800b198                bmi160_calibration
 .text.bmi160_get_acc_gyro
                0x0800b4b0      0x178 ./SensorLibrary/bmi160/bmi160_port/Src/bmi160_port.o
                0x0800b4b0                bmi160_get_acc_gyro
 .text.bmp3_init
                0x0800b628       0x96 ./SensorLibrary/bmp388/Src/bmp3.o
                0x0800b628                bmp3_init
 .text.bmp3_get_regs
                0x0800b6be      0x12c ./SensorLibrary/bmp388/Src/bmp3.o
                0x0800b6be                bmp3_get_regs
 .text.bmp3_set_regs
                0x0800b7ea      0x12e ./SensorLibrary/bmp388/Src/bmp3.o
                0x0800b7ea                bmp3_set_regs
 .text.bmp3_set_sensor_settings
                0x0800b918       0x9c ./SensorLibrary/bmp388/Src/bmp3.o
                0x0800b918                bmp3_set_sensor_settings
 .text.bmp3_get_status
                0x0800b9b4       0x56 ./SensorLibrary/bmp388/Src/bmp3.o
                0x0800b9b4                bmp3_get_status
 .text.bmp3_soft_reset
                0x0800ba0a       0x94 ./SensorLibrary/bmp388/Src/bmp3.o
                0x0800ba0a                bmp3_soft_reset
 .text.bmp3_set_op_mode
                0x0800ba9e       0xa4 ./SensorLibrary/bmp388/Src/bmp3.o
                0x0800ba9e                bmp3_set_op_mode
 .text.bmp3_get_op_mode
                0x0800bb42       0x44 ./SensorLibrary/bmp388/Src/bmp3.o
                0x0800bb42                bmp3_get_op_mode
 .text.bmp3_get_sensor_data
                0x0800bb86       0x82 ./SensorLibrary/bmp388/Src/bmp3.o
                0x0800bb86                bmp3_get_sensor_data
 .text.set_normal_mode
                0x0800bc08       0x66 ./SensorLibrary/bmp388/Src/bmp3.o
 .text.write_power_mode
                0x0800bc6e       0x6e ./SensorLibrary/bmp388/Src/bmp3.o
 .text.put_device_to_sleep
                0x0800bcdc       0x50 ./SensorLibrary/bmp388/Src/bmp3.o
 .text.validate_normal_mode_settings
                0x0800bd2c       0x34 ./SensorLibrary/bmp388/Src/bmp3.o
 .text.get_calib_data
                0x0800bd60       0x48 ./SensorLibrary/bmp388/Src/bmp3.o
 .text.interleave_reg_addr
                0x0800bda8       0x56 ./SensorLibrary/bmp388/Src/bmp3.o
 .text.parse_odr_filter_settings
                0x0800bdfe       0x76 ./SensorLibrary/bmp388/Src/bmp3.o
 .text.set_pwr_ctrl_settings
                0x0800be74       0x9e ./SensorLibrary/bmp388/Src/bmp3.o
 .text.set_odr_filter_settings
                0x0800bf12       0xda ./SensorLibrary/bmp388/Src/bmp3.o
 .text.set_int_ctrl_settings
                0x0800bfec       0xfa ./SensorLibrary/bmp388/Src/bmp3.o
 .text.set_advance_settings
                0x0800c0e6       0xaa ./SensorLibrary/bmp388/Src/bmp3.o
 .text.get_odr_filter_settings
                0x0800c190       0x38 ./SensorLibrary/bmp388/Src/bmp3.o
 .text.validate_osr_and_odr_settings
                0x0800c1c8       0x80 ./SensorLibrary/bmp388/Src/bmp3.o
 .text.verify_meas_time_and_odr_duration
                0x0800c248       0x2c ./SensorLibrary/bmp388/Src/bmp3.o
 .text.calculate_press_meas_time
                0x0800c274       0x60 ./SensorLibrary/bmp388/Src/bmp3.o
 .text.calculate_temp_meas_time
                0x0800c2d4       0x60 ./SensorLibrary/bmp388/Src/bmp3.o
 .text.fill_osr_data
                0x0800c334       0xb2 ./SensorLibrary/bmp388/Src/bmp3.o
 .text.fill_odr_data
                0x0800c3e6       0x74 ./SensorLibrary/bmp388/Src/bmp3.o
 .text.fill_filter_data
                0x0800c45a       0x6e ./SensorLibrary/bmp388/Src/bmp3.o
 .text.parse_sensor_data
                0x0800c4c8       0x76 ./SensorLibrary/bmp388/Src/bmp3.o
 .text.compensate_data
                0x0800c53e       0xe4 ./SensorLibrary/bmp388/Src/bmp3.o
 *fill*         0x0800c622        0x2 
 .text.parse_calib_data
                0x0800c624      0x3a0 ./SensorLibrary/bmp388/Src/bmp3.o
 .text.compensate_temperature
                0x0800c9c4       0xf4 ./SensorLibrary/bmp388/Src/bmp3.o
 .text.compensate_pressure
                0x0800cab8      0x2f0 ./SensorLibrary/bmp388/Src/bmp3.o
 .text.pow_bmp3
                0x0800cda8       0x4a ./SensorLibrary/bmp388/Src/bmp3.o
 .text.are_settings_changed
                0x0800cdf2       0x30 ./SensorLibrary/bmp388/Src/bmp3.o
 .text.null_ptr_check
                0x0800ce22       0x48 ./SensorLibrary/bmp388/Src/bmp3.o
 .text.get_sensor_status
                0x0800ce6a       0x86 ./SensorLibrary/bmp388/Src/bmp3.o
 .text.get_int_status
                0x0800cef0       0x5c ./SensorLibrary/bmp388/Src/bmp3.o
 .text.get_err_status
                0x0800cf4c       0x5c ./SensorLibrary/bmp388/Src/bmp3.o
 .text.bmp388_read
                0x0800cfa8       0x44 ./SensorLibrary/bmp388/bmp388_port/Src/bmp388_port.o
                0x0800cfa8                bmp388_read
 .text.bmp388_write
                0x0800cfec       0x4a ./SensorLibrary/bmp388/bmp388_port/Src/bmp388_port.o
                0x0800cfec                bmp388_write
 *fill*         0x0800d036        0x2 
 .text.delay_us
                0x0800d038       0x40 ./SensorLibrary/bmp388/bmp388_port/Src/bmp388_port.o
                0x0800d038                delay_us
 .text.HAL_TIM_PeriodElapsedCallback
                0x0800d078       0x3c ./SensorLibrary/bmp388/bmp388_port/Src/bmp388_port.o
                0x0800d078                HAL_TIM_PeriodElapsedCallback
 .text.bmp388_interface_init
                0x0800d0b4      0x150 ./SensorLibrary/bmp388/bmp388_port/Src/bmp388_port.o
                0x0800d0b4                bmp388_interface_init
 .text.get_bmp388_sensor_data
                0x0800d204       0xa4 ./SensorLibrary/bmp388/bmp388_port/Src/bmp388_port.o
 .text.bmp388_calibration
                0x0800d2a8      0x134 ./SensorLibrary/bmp388/bmp388_port/Src/bmp388_port.o
                0x0800d2a8                bmp388_calibration
 *fill*         0x0800d3dc        0x4 
 .text.bmp388_get_altitude
                0x0800d3e0       0xd8 ./SensorLibrary/bmp388/bmp388_port/Src/bmp388_port.o
                0x0800d3e0                bmp388_get_altitude
 .text.bmp3_selftest_check
                0x0800d4b8      0x130 ./SensorLibrary/bmp388/bmp388_selftest/Src/bmp3_selftest.o
                0x0800d4b8                bmp3_selftest_check
 .text.analyze_sensor_data
                0x0800d5e8       0x9c ./SensorLibrary/bmp388/bmp388_selftest/Src/bmp3_selftest.o
 .text.validate_trimming_param
                0x0800d684       0x9e ./SensorLibrary/bmp388/bmp388_selftest/Src/bmp3_selftest.o
 .text.cal_crc  0x0800d722       0x6a ./SensorLibrary/bmp388/bmp388_selftest/Src/bmp3_selftest.o
 .text.MX_USB_DEVICE_Init
                0x0800d78c       0x60 ./USB_DEVICE/App/usb_device.o
                0x0800d78c                MX_USB_DEVICE_Init
 .text.CDC_Init_FS
                0x0800d7ec       0x28 ./USB_DEVICE/App/usbd_cdc_if.o
 .text.CDC_DeInit_FS
                0x0800d814       0x10 ./USB_DEVICE/App/usbd_cdc_if.o
 .text.CDC_Control_FS
                0x0800d824       0xbc ./USB_DEVICE/App/usbd_cdc_if.o
 .text.CDC_Receive_FS
                0x0800d8e0       0x28 ./USB_DEVICE/App/usbd_cdc_if.o
 .text.CDC_Transmit_FS
                0x0800d908       0x4c ./USB_DEVICE/App/usbd_cdc_if.o
                0x0800d908                CDC_Transmit_FS
 .text.CDC_TransmitCplt_FS
                0x0800d954       0x22 ./USB_DEVICE/App/usbd_cdc_if.o
 *fill*         0x0800d976        0x2 
 .text.USBD_FS_DeviceDescriptor
                0x0800d978       0x24 ./USB_DEVICE/App/usbd_desc.o
                0x0800d978                USBD_FS_DeviceDescriptor
 .text.USBD_FS_LangIDStrDescriptor
                0x0800d99c       0x24 ./USB_DEVICE/App/usbd_desc.o
                0x0800d99c                USBD_FS_LangIDStrDescriptor
 .text.USBD_FS_ProductStrDescriptor
                0x0800d9c0       0x3c ./USB_DEVICE/App/usbd_desc.o
                0x0800d9c0                USBD_FS_ProductStrDescriptor
 .text.USBD_FS_ManufacturerStrDescriptor
                0x0800d9fc       0x28 ./USB_DEVICE/App/usbd_desc.o
                0x0800d9fc                USBD_FS_ManufacturerStrDescriptor
 .text.USBD_FS_SerialStrDescriptor
                0x0800da24       0x24 ./USB_DEVICE/App/usbd_desc.o
                0x0800da24                USBD_FS_SerialStrDescriptor
 .text.USBD_FS_ConfigStrDescriptor
                0x0800da48       0x3c ./USB_DEVICE/App/usbd_desc.o
                0x0800da48                USBD_FS_ConfigStrDescriptor
 .text.USBD_FS_InterfaceStrDescriptor
                0x0800da84       0x3c ./USB_DEVICE/App/usbd_desc.o
                0x0800da84                USBD_FS_InterfaceStrDescriptor
 .text.Get_SerialNum
                0x0800dac0       0x58 ./USB_DEVICE/App/usbd_desc.o
 .text.IntToUnicode
                0x0800db18       0x7e ./USB_DEVICE/App/usbd_desc.o
 *fill*         0x0800db96        0x2 
 .text.HAL_PCD_MspInit
                0x0800db98       0xa8 ./USB_DEVICE/Target/usbd_conf.o
                0x0800db98                HAL_PCD_MspInit
 .text.HAL_PCD_SetupStageCallback
                0x0800dc40       0x24 ./USB_DEVICE/Target/usbd_conf.o
                0x0800dc40                HAL_PCD_SetupStageCallback
 .text.HAL_PCD_DataOutStageCallback
                0x0800dc64       0x36 ./USB_DEVICE/Target/usbd_conf.o
                0x0800dc64                HAL_PCD_DataOutStageCallback
 .text.HAL_PCD_DataInStageCallback
                0x0800dc9a       0x34 ./USB_DEVICE/Target/usbd_conf.o
                0x0800dc9a                HAL_PCD_DataInStageCallback
 .text.HAL_PCD_SOFCallback
                0x0800dcce       0x1c ./USB_DEVICE/Target/usbd_conf.o
                0x0800dcce                HAL_PCD_SOFCallback
 .text.HAL_PCD_ResetCallback
                0x0800dcea       0x50 ./USB_DEVICE/Target/usbd_conf.o
                0x0800dcea                HAL_PCD_ResetCallback
 *fill*         0x0800dd3a        0x2 
 .text.HAL_PCD_SuspendCallback
                0x0800dd3c       0x4c ./USB_DEVICE/Target/usbd_conf.o
                0x0800dd3c                HAL_PCD_SuspendCallback
 .text.HAL_PCD_ResumeCallback
                0x0800dd88       0x1c ./USB_DEVICE/Target/usbd_conf.o
                0x0800dd88                HAL_PCD_ResumeCallback
 .text.HAL_PCD_ISOOUTIncompleteCallback
                0x0800dda4       0x24 ./USB_DEVICE/Target/usbd_conf.o
                0x0800dda4                HAL_PCD_ISOOUTIncompleteCallback
 .text.HAL_PCD_ISOINIncompleteCallback
                0x0800ddc8       0x24 ./USB_DEVICE/Target/usbd_conf.o
                0x0800ddc8                HAL_PCD_ISOINIncompleteCallback
 .text.HAL_PCD_ConnectCallback
                0x0800ddec       0x1c ./USB_DEVICE/Target/usbd_conf.o
                0x0800ddec                HAL_PCD_ConnectCallback
 .text.HAL_PCD_DisconnectCallback
                0x0800de08       0x1c ./USB_DEVICE/Target/usbd_conf.o
                0x0800de08                HAL_PCD_DisconnectCallback
 .text.USBD_LL_Init
                0x0800de24       0x98 ./USB_DEVICE/Target/usbd_conf.o
                0x0800de24                USBD_LL_Init
 .text.USBD_LL_Start
                0x0800debc       0x36 ./USB_DEVICE/Target/usbd_conf.o
                0x0800debc                USBD_LL_Start
 .text.USBD_LL_OpenEP
                0x0800def2       0x4c ./USB_DEVICE/Target/usbd_conf.o
                0x0800def2                USBD_LL_OpenEP
 .text.USBD_LL_CloseEP
                0x0800df3e       0x3e ./USB_DEVICE/Target/usbd_conf.o
                0x0800df3e                USBD_LL_CloseEP
 .text.USBD_LL_StallEP
                0x0800df7c       0x3e ./USB_DEVICE/Target/usbd_conf.o
                0x0800df7c                USBD_LL_StallEP
 .text.USBD_LL_ClearStallEP
                0x0800dfba       0x3e ./USB_DEVICE/Target/usbd_conf.o
                0x0800dfba                USBD_LL_ClearStallEP
 .text.USBD_LL_IsStallEP
                0x0800dff8       0x58 ./USB_DEVICE/Target/usbd_conf.o
                0x0800dff8                USBD_LL_IsStallEP
 .text.USBD_LL_SetUSBAddress
                0x0800e050       0x3e ./USB_DEVICE/Target/usbd_conf.o
                0x0800e050                USBD_LL_SetUSBAddress
 .text.USBD_LL_Transmit
                0x0800e08e       0x42 ./USB_DEVICE/Target/usbd_conf.o
                0x0800e08e                USBD_LL_Transmit
 .text.USBD_LL_PrepareReceive
                0x0800e0d0       0x42 ./USB_DEVICE/Target/usbd_conf.o
                0x0800e0d0                USBD_LL_PrepareReceive
 .text.USBD_LL_GetRxDataSize
                0x0800e112       0x26 ./USB_DEVICE/Target/usbd_conf.o
                0x0800e112                USBD_LL_GetRxDataSize
 .text.USBD_static_malloc
                0x0800e138       0x1c ./USB_DEVICE/Target/usbd_conf.o
                0x0800e138                USBD_static_malloc
 .text.USBD_static_free
                0x0800e154       0x14 ./USB_DEVICE/Target/usbd_conf.o
                0x0800e154                USBD_static_free
 .text.USBD_Get_USB_Status
                0x0800e168       0x58 ./USB_DEVICE/Target/usbd_conf.o
                0x0800e168                USBD_Get_USB_Status
 .text.__cvt    0x0800e1c0       0xca C:/ST/STM32CubeIDE_1.18.1/STM32CubeIDE/plugins/com.st.stm32cube.ide.mcu.externaltools.gnu-tools-for-stm32.13.3.rel1.win32_1.0.0.202411081344/tools/bin/../lib/gcc/arm-none-eabi/13.3.1/../../../../arm-none-eabi/lib/thumb/v7e-m+fp/hard\libc_nano.a(libc_a-nano-vfprintf_float.o)
                0x0800e1c0                __cvt
 .text.__exponent
                0x0800e28a       0x74 C:/ST/STM32CubeIDE_1.18.1/STM32CubeIDE/plugins/com.st.stm32cube.ide.mcu.externaltools.gnu-tools-for-stm32.13.3.rel1.win32_1.0.0.202411081344/tools/bin/../lib/gcc/arm-none-eabi/13.3.1/../../../../arm-none-eabi/lib/thumb/v7e-m+fp/hard\libc_nano.a(libc_a-nano-vfprintf_float.o)
                0x0800e28a                __exponent
 *fill*         0x0800e2fe        0x2 
 .text._printf_float
                0x0800e300      0x454 C:/ST/STM32CubeIDE_1.18.1/STM32CubeIDE/plugins/com.st.stm32cube.ide.mcu.externaltools.gnu-tools-for-stm32.13.3.rel1.win32_1.0.0.202411081344/tools/bin/../lib/gcc/arm-none-eabi/13.3.1/../../../../arm-none-eabi/lib/thumb/v7e-m+fp/hard\libc_nano.a(libc_a-nano-vfprintf_float.o)
                0x0800e300                _printf_float
 .text._printf_common
                0x0800e754       0xda C:/ST/STM32CubeIDE_1.18.1/STM32CubeIDE/plugins/com.st.stm32cube.ide.mcu.externaltools.gnu-tools-for-stm32.13.3.rel1.win32_1.0.0.202411081344/tools/bin/../lib/gcc/arm-none-eabi/13.3.1/../../../../arm-none-eabi/lib/thumb/v7e-m+fp/hard\libc_nano.a(libc_a-nano-vfprintf_i.o)
                0x0800e754                _printf_common
 *fill*         0x0800e82e        0x2 
 .text._printf_i
                0x0800e830      0x23c C:/ST/STM32CubeIDE_1.18.1/STM32CubeIDE/plugins/com.st.stm32cube.ide.mcu.externaltools.gnu-tools-for-stm32.13.3.rel1.win32_1.0.0.202411081344/tools/bin/../lib/gcc/arm-none-eabi/13.3.1/../../../../arm-none-eabi/lib/thumb/v7e-m+fp/hard\libc_nano.a(libc_a-nano-vfprintf_i.o)
                0x0800e830                _printf_i
 .text._scanf_float
                0x0800ea6c      0x41c C:/ST/STM32CubeIDE_1.18.1/STM32CubeIDE/plugins/com.st.stm32cube.ide.mcu.externaltools.gnu-tools-for-stm32.13.3.rel1.win32_1.0.0.202411081344/tools/bin/../lib/gcc/arm-none-eabi/13.3.1/../../../../arm-none-eabi/lib/thumb/v7e-m+fp/hard\libc_nano.a(libc_a-nano-vfscanf_float.o)
                0x0800ea6c                _scanf_float
 .text.std      0x0800ee88       0x6c C:/ST/STM32CubeIDE_1.18.1/STM32CubeIDE/plugins/com.st.stm32cube.ide.mcu.externaltools.gnu-tools-for-stm32.13.3.rel1.win32_1.0.0.202411081344/tools/bin/../lib/gcc/arm-none-eabi/13.3.1/../../../../arm-none-eabi/lib/thumb/v7e-m+fp/hard\libc_nano.a(libc_a-findfp.o)
 .text.stdio_exit_handler
                0x0800eef4       0x18 C:/ST/STM32CubeIDE_1.18.1/STM32CubeIDE/plugins/com.st.stm32cube.ide.mcu.externaltools.gnu-tools-for-stm32.13.3.rel1.win32_1.0.0.202411081344/tools/bin/../lib/gcc/arm-none-eabi/13.3.1/../../../../arm-none-eabi/lib/thumb/v7e-m+fp/hard\libc_nano.a(libc_a-findfp.o)
 .text.cleanup_stdio
                0x0800ef0c       0x40 C:/ST/STM32CubeIDE_1.18.1/STM32CubeIDE/plugins/com.st.stm32cube.ide.mcu.externaltools.gnu-tools-for-stm32.13.3.rel1.win32_1.0.0.202411081344/tools/bin/../lib/gcc/arm-none-eabi/13.3.1/../../../../arm-none-eabi/lib/thumb/v7e-m+fp/hard\libc_nano.a(libc_a-findfp.o)
 .text.global_stdio_init.part.0
                0x0800ef4c       0x3c C:/ST/STM32CubeIDE_1.18.1/STM32CubeIDE/plugins/com.st.stm32cube.ide.mcu.externaltools.gnu-tools-for-stm32.13.3.rel1.win32_1.0.0.202411081344/tools/bin/../lib/gcc/arm-none-eabi/13.3.1/../../../../arm-none-eabi/lib/thumb/v7e-m+fp/hard\libc_nano.a(libc_a-findfp.o)
 .text.__sfp_lock_acquire
                0x0800ef88        0xc C:/ST/STM32CubeIDE_1.18.1/STM32CubeIDE/plugins/com.st.stm32cube.ide.mcu.externaltools.gnu-tools-for-stm32.13.3.rel1.win32_1.0.0.202411081344/tools/bin/../lib/gcc/arm-none-eabi/13.3.1/../../../../arm-none-eabi/lib/thumb/v7e-m+fp/hard\libc_nano.a(libc_a-findfp.o)
                0x0800ef88                __sfp_lock_acquire
 .text.__sfp_lock_release
                0x0800ef94        0xc C:/ST/STM32CubeIDE_1.18.1/STM32CubeIDE/plugins/com.st.stm32cube.ide.mcu.externaltools.gnu-tools-for-stm32.13.3.rel1.win32_1.0.0.202411081344/tools/bin/../lib/gcc/arm-none-eabi/13.3.1/../../../../arm-none-eabi/lib/thumb/v7e-m+fp/hard\libc_nano.a(libc_a-findfp.o)
                0x0800ef94                __sfp_lock_release
 .text.__sinit  0x0800efa0       0x30 C:/ST/STM32CubeIDE_1.18.1/STM32CubeIDE/plugins/com.st.stm32cube.ide.mcu.externaltools.gnu-tools-for-stm32.13.3.rel1.win32_1.0.0.202411081344/tools/bin/../lib/gcc/arm-none-eabi/13.3.1/../../../../arm-none-eabi/lib/thumb/v7e-m+fp/hard\libc_nano.a(libc_a-findfp.o)
                0x0800efa0                __sinit
 .text._fwalk_sglue
                0x0800efd0       0x3c C:/ST/STM32CubeIDE_1.18.1/STM32CubeIDE/plugins/com.st.stm32cube.ide.mcu.externaltools.gnu-tools-for-stm32.13.3.rel1.win32_1.0.0.202411081344/tools/bin/../lib/gcc/arm-none-eabi/13.3.1/../../../../arm-none-eabi/lib/thumb/v7e-m+fp/hard\libc_nano.a(libc_a-fwalk.o)
                0x0800efd0                _fwalk_sglue
 .text.printf   0x0800f00c       0x24 C:/ST/STM32CubeIDE_1.18.1/STM32CubeIDE/plugins/com.st.stm32cube.ide.mcu.externaltools.gnu-tools-for-stm32.13.3.rel1.win32_1.0.0.202411081344/tools/bin/../lib/gcc/arm-none-eabi/13.3.1/../../../../arm-none-eabi/lib/thumb/v7e-m+fp/hard\libc_nano.a(libc_a-printf.o)
                0x0800f00c                iprintf
                0x0800f00c                printf
 .text._puts_r  0x0800f030       0xaa C:/ST/STM32CubeIDE_1.18.1/STM32CubeIDE/plugins/com.st.stm32cube.ide.mcu.externaltools.gnu-tools-for-stm32.13.3.rel1.win32_1.0.0.202411081344/tools/bin/../lib/gcc/arm-none-eabi/13.3.1/../../../../arm-none-eabi/lib/thumb/v7e-m+fp/hard\libc_nano.a(libc_a-puts.o)
                0x0800f030                _puts_r
 *fill*         0x0800f0da        0x2 
 .text.puts     0x0800f0dc       0x10 C:/ST/STM32CubeIDE_1.18.1/STM32CubeIDE/plugins/com.st.stm32cube.ide.mcu.externaltools.gnu-tools-for-stm32.13.3.rel1.win32_1.0.0.202411081344/tools/bin/../lib/gcc/arm-none-eabi/13.3.1/../../../../arm-none-eabi/lib/thumb/v7e-m+fp/hard\libc_nano.a(libc_a-puts.o)
                0x0800f0dc                puts
 .text.sprintf  0x0800f0ec       0x44 C:/ST/STM32CubeIDE_1.18.1/STM32CubeIDE/plugins/com.st.stm32cube.ide.mcu.externaltools.gnu-tools-for-stm32.13.3.rel1.win32_1.0.0.202411081344/tools/bin/../lib/gcc/arm-none-eabi/13.3.1/../../../../arm-none-eabi/lib/thumb/v7e-m+fp/hard\libc_nano.a(libc_a-sprintf.o)
                0x0800f0ec                siprintf
                0x0800f0ec                sprintf
 .text.__sread  0x0800f130       0x22 C:/ST/STM32CubeIDE_1.18.1/STM32CubeIDE/plugins/com.st.stm32cube.ide.mcu.externaltools.gnu-tools-for-stm32.13.3.rel1.win32_1.0.0.202411081344/tools/bin/../lib/gcc/arm-none-eabi/13.3.1/../../../../arm-none-eabi/lib/thumb/v7e-m+fp/hard\libc_nano.a(libc_a-stdio.o)
                0x0800f130                __sread
 .text.__swrite
                0x0800f152       0x38 C:/ST/STM32CubeIDE_1.18.1/STM32CubeIDE/plugins/com.st.stm32cube.ide.mcu.externaltools.gnu-tools-for-stm32.13.3.rel1.win32_1.0.0.202411081344/tools/bin/../lib/gcc/arm-none-eabi/13.3.1/../../../../arm-none-eabi/lib/thumb/v7e-m+fp/hard\libc_nano.a(libc_a-stdio.o)
                0x0800f152                __swrite
 .text.__sseek  0x0800f18a       0x24 C:/ST/STM32CubeIDE_1.18.1/STM32CubeIDE/plugins/com.st.stm32cube.ide.mcu.externaltools.gnu-tools-for-stm32.13.3.rel1.win32_1.0.0.202411081344/tools/bin/../lib/gcc/arm-none-eabi/13.3.1/../../../../arm-none-eabi/lib/thumb/v7e-m+fp/hard\libc_nano.a(libc_a-stdio.o)
                0x0800f18a                __sseek
 .text.__sclose
                0x0800f1ae        0x8 C:/ST/STM32CubeIDE_1.18.1/STM32CubeIDE/plugins/com.st.stm32cube.ide.mcu.externaltools.gnu-tools-for-stm32.13.3.rel1.win32_1.0.0.202411081344/tools/bin/../lib/gcc/arm-none-eabi/13.3.1/../../../../arm-none-eabi/lib/thumb/v7e-m+fp/hard\libc_nano.a(libc_a-stdio.o)
                0x0800f1ae                __sclose
 .text.__swbuf_r
                0x0800f1b6       0x7c C:/ST/STM32CubeIDE_1.18.1/STM32CubeIDE/plugins/com.st.stm32cube.ide.mcu.externaltools.gnu-tools-for-stm32.13.3.rel1.win32_1.0.0.202411081344/tools/bin/../lib/gcc/arm-none-eabi/13.3.1/../../../../arm-none-eabi/lib/thumb/v7e-m+fp/hard\libc_nano.a(libc_a-wbuf.o)
                0x0800f1b6                __swbuf_r
 *fill*         0x0800f232        0x2 
 .text.__swsetup_r
                0x0800f234       0xac C:/ST/STM32CubeIDE_1.18.1/STM32CubeIDE/plugins/com.st.stm32cube.ide.mcu.externaltools.gnu-tools-for-stm32.13.3.rel1.win32_1.0.0.202411081344/tools/bin/../lib/gcc/arm-none-eabi/13.3.1/../../../../arm-none-eabi/lib/thumb/v7e-m+fp/hard\libc_nano.a(libc_a-wsetup.o)
                0x0800f234                __swsetup_r
 .text.memset   0x0800f2e0       0x10 C:/ST/STM32CubeIDE_1.18.1/STM32CubeIDE/plugins/com.st.stm32cube.ide.mcu.externaltools.gnu-tools-for-stm32.13.3.rel1.win32_1.0.0.202411081344/tools/bin/../lib/gcc/arm-none-eabi/13.3.1/../../../../arm-none-eabi/lib/thumb/v7e-m+fp/hard\libc_nano.a(libc_a-memset.o)
                0x0800f2e0                memset
 .text._localeconv_r
                0x0800f2f0        0x8 C:/ST/STM32CubeIDE_1.18.1/STM32CubeIDE/plugins/com.st.stm32cube.ide.mcu.externaltools.gnu-tools-for-stm32.13.3.rel1.win32_1.0.0.202411081344/tools/bin/../lib/gcc/arm-none-eabi/13.3.1/../../../../arm-none-eabi/lib/thumb/v7e-m+fp/hard\libc_nano.a(libc_a-localeconv.o)
                0x0800f2f0                _localeconv_r
 .text._close_r
                0x0800f2f8       0x20 C:/ST/STM32CubeIDE_1.18.1/STM32CubeIDE/plugins/com.st.stm32cube.ide.mcu.externaltools.gnu-tools-for-stm32.13.3.rel1.win32_1.0.0.202411081344/tools/bin/../lib/gcc/arm-none-eabi/13.3.1/../../../../arm-none-eabi/lib/thumb/v7e-m+fp/hard\libc_nano.a(libc_a-closer.o)
                0x0800f2f8                _close_r
 .text._lseek_r
                0x0800f318       0x24 C:/ST/STM32CubeIDE_1.18.1/STM32CubeIDE/plugins/com.st.stm32cube.ide.mcu.externaltools.gnu-tools-for-stm32.13.3.rel1.win32_1.0.0.202411081344/tools/bin/../lib/gcc/arm-none-eabi/13.3.1/../../../../arm-none-eabi/lib/thumb/v7e-m+fp/hard\libc_nano.a(libc_a-lseekr.o)
                0x0800f318                _lseek_r
 .text._read_r  0x0800f33c       0x24 C:/ST/STM32CubeIDE_1.18.1/STM32CubeIDE/plugins/com.st.stm32cube.ide.mcu.externaltools.gnu-tools-for-stm32.13.3.rel1.win32_1.0.0.202411081344/tools/bin/../lib/gcc/arm-none-eabi/13.3.1/../../../../arm-none-eabi/lib/thumb/v7e-m+fp/hard\libc_nano.a(libc_a-readr.o)
                0x0800f33c                _read_r
 .text._write_r
                0x0800f360       0x24 C:/ST/STM32CubeIDE_1.18.1/STM32CubeIDE/plugins/com.st.stm32cube.ide.mcu.externaltools.gnu-tools-for-stm32.13.3.rel1.win32_1.0.0.202411081344/tools/bin/../lib/gcc/arm-none-eabi/13.3.1/../../../../arm-none-eabi/lib/thumb/v7e-m+fp/hard\libc_nano.a(libc_a-writer.o)
                0x0800f360                _write_r
 .text.__errno  0x0800f384        0xc C:/ST/STM32CubeIDE_1.18.1/STM32CubeIDE/plugins/com.st.stm32cube.ide.mcu.externaltools.gnu-tools-for-stm32.13.3.rel1.win32_1.0.0.202411081344/tools/bin/../lib/gcc/arm-none-eabi/13.3.1/../../../../arm-none-eabi/lib/thumb/v7e-m+fp/hard\libc_nano.a(libc_a-errno.o)
                0x0800f384                __errno
 .text.__libc_init_array
                0x0800f390       0x48 C:/ST/STM32CubeIDE_1.18.1/STM32CubeIDE/plugins/com.st.stm32cube.ide.mcu.externaltools.gnu-tools-for-stm32.13.3.rel1.win32_1.0.0.202411081344/tools/bin/../lib/gcc/arm-none-eabi/13.3.1/../../../../arm-none-eabi/lib/thumb/v7e-m+fp/hard\libc_nano.a(libc_a-init.o)
                0x0800f390                __libc_init_array
 .text.__retarget_lock_init_recursive
                0x0800f3d8        0x2 C:/ST/STM32CubeIDE_1.18.1/STM32CubeIDE/plugins/com.st.stm32cube.ide.mcu.externaltools.gnu-tools-for-stm32.13.3.rel1.win32_1.0.0.202411081344/tools/bin/../lib/gcc/arm-none-eabi/13.3.1/../../../../arm-none-eabi/lib/thumb/v7e-m+fp/hard\libc_nano.a(libc_a-lock.o)
                0x0800f3d8                __retarget_lock_init_recursive
 .text.__retarget_lock_acquire_recursive
                0x0800f3da        0x2 C:/ST/STM32CubeIDE_1.18.1/STM32CubeIDE/plugins/com.st.stm32cube.ide.mcu.externaltools.gnu-tools-for-stm32.13.3.rel1.win32_1.0.0.202411081344/tools/bin/../lib/gcc/arm-none-eabi/13.3.1/../../../../arm-none-eabi/lib/thumb/v7e-m+fp/hard\libc_nano.a(libc_a-lock.o)
                0x0800f3da                __retarget_lock_acquire_recursive
 .text.__retarget_lock_release_recursive
                0x0800f3dc        0x2 C:/ST/STM32CubeIDE_1.18.1/STM32CubeIDE/plugins/com.st.stm32cube.ide.mcu.externaltools.gnu-tools-for-stm32.13.3.rel1.win32_1.0.0.202411081344/tools/bin/../lib/gcc/arm-none-eabi/13.3.1/../../../../arm-none-eabi/lib/thumb/v7e-m+fp/hard\libc_nano.a(libc_a-lock.o)
                0x0800f3dc                __retarget_lock_release_recursive
 .text.memcpy   0x0800f3de       0x1c C:/ST/STM32CubeIDE_1.18.1/STM32CubeIDE/plugins/com.st.stm32cube.ide.mcu.externaltools.gnu-tools-for-stm32.13.3.rel1.win32_1.0.0.202411081344/tools/bin/../lib/gcc/arm-none-eabi/13.3.1/../../../../arm-none-eabi/lib/thumb/v7e-m+fp/hard\libc_nano.a(libc_a-memcpy-stub.o)
                0x0800f3de                memcpy
 *fill*         0x0800f3fa        0x2 
 .text.nanf     0x0800f3fc        0xc C:/ST/STM32CubeIDE_1.18.1/STM32CubeIDE/plugins/com.st.stm32cube.ide.mcu.externaltools.gnu-tools-for-stm32.13.3.rel1.win32_1.0.0.202411081344/tools/bin/../lib/gcc/arm-none-eabi/13.3.1/../../../../arm-none-eabi/lib/thumb/v7e-m+fp/hard\libc_nano.a(libm_a-sf_nan.o)
                0x0800f3fc                nanf
 .text.quorem   0x0800f408      0x110 C:/ST/STM32CubeIDE_1.18.1/STM32CubeIDE/plugins/com.st.stm32cube.ide.mcu.externaltools.gnu-tools-for-stm32.13.3.rel1.win32_1.0.0.202411081344/tools/bin/../lib/gcc/arm-none-eabi/13.3.1/../../../../arm-none-eabi/lib/thumb/v7e-m+fp/hard\libc_nano.a(libc_a-dtoa.o)
 .text._dtoa_r  0x0800f518      0xba0 C:/ST/STM32CubeIDE_1.18.1/STM32CubeIDE/plugins/com.st.stm32cube.ide.mcu.externaltools.gnu-tools-for-stm32.13.3.rel1.win32_1.0.0.202411081344/tools/bin/../lib/gcc/arm-none-eabi/13.3.1/../../../../arm-none-eabi/lib/thumb/v7e-m+fp/hard\libc_nano.a(libc_a-dtoa.o)
                0x0800f518                _dtoa_r
 .text._free_r  0x080100b8       0x94 C:/ST/STM32CubeIDE_1.18.1/STM32CubeIDE/plugins/com.st.stm32cube.ide.mcu.externaltools.gnu-tools-for-stm32.13.3.rel1.win32_1.0.0.202411081344/tools/bin/../lib/gcc/arm-none-eabi/13.3.1/../../../../arm-none-eabi/lib/thumb/v7e-m+fp/hard\libc_nano.a(libc_a-freer.o)
                0x080100b8                _free_r
 .text.malloc   0x0801014c       0x10 C:/ST/STM32CubeIDE_1.18.1/STM32CubeIDE/plugins/com.st.stm32cube.ide.mcu.externaltools.gnu-tools-for-stm32.13.3.rel1.win32_1.0.0.202411081344/tools/bin/../lib/gcc/arm-none-eabi/13.3.1/../../../../arm-none-eabi/lib/thumb/v7e-m+fp/hard\libc_nano.a(libc_a-malloc.o)
                0x0801014c                malloc
 .text.sbrk_aligned
                0x0801015c       0x44 C:/ST/STM32CubeIDE_1.18.1/STM32CubeIDE/plugins/com.st.stm32cube.ide.mcu.externaltools.gnu-tools-for-stm32.13.3.rel1.win32_1.0.0.202411081344/tools/bin/../lib/gcc/arm-none-eabi/13.3.1/../../../../arm-none-eabi/lib/thumb/v7e-m+fp/hard\libc_nano.a(libc_a-mallocr.o)
 .text._malloc_r
                0x080101a0      0x100 C:/ST/STM32CubeIDE_1.18.1/STM32CubeIDE/plugins/com.st.stm32cube.ide.mcu.externaltools.gnu-tools-for-stm32.13.3.rel1.win32_1.0.0.202411081344/tools/bin/../lib/gcc/arm-none-eabi/13.3.1/../../../../arm-none-eabi/lib/thumb/v7e-m+fp/hard\libc_nano.a(libc_a-mallocr.o)
                0x080101a0                _malloc_r
 .text.__malloc_lock
                0x080102a0        0xc C:/ST/STM32CubeIDE_1.18.1/STM32CubeIDE/plugins/com.st.stm32cube.ide.mcu.externaltools.gnu-tools-for-stm32.13.3.rel1.win32_1.0.0.202411081344/tools/bin/../lib/gcc/arm-none-eabi/13.3.1/../../../../arm-none-eabi/lib/thumb/v7e-m+fp/hard\libc_nano.a(libc_a-mlock.o)
                0x080102a0                __malloc_lock
 .text.__malloc_unlock
                0x080102ac        0xc C:/ST/STM32CubeIDE_1.18.1/STM32CubeIDE/plugins/com.st.stm32cube.ide.mcu.externaltools.gnu-tools-for-stm32.13.3.rel1.win32_1.0.0.202411081344/tools/bin/../lib/gcc/arm-none-eabi/13.3.1/../../../../arm-none-eabi/lib/thumb/v7e-m+fp/hard\libc_nano.a(libc_a-mlock.o)
                0x080102ac                __malloc_unlock
 .text._Balloc  0x080102b8       0x80 C:/ST/STM32CubeIDE_1.18.1/STM32CubeIDE/plugins/com.st.stm32cube.ide.mcu.externaltools.gnu-tools-for-stm32.13.3.rel1.win32_1.0.0.202411081344/tools/bin/../lib/gcc/arm-none-eabi/13.3.1/../../../../arm-none-eabi/lib/thumb/v7e-m+fp/hard\libc_nano.a(libc_a-mprec.o)
                0x080102b8                _Balloc
 .text._Bfree   0x08010338       0x44 C:/ST/STM32CubeIDE_1.18.1/STM32CubeIDE/plugins/com.st.stm32cube.ide.mcu.externaltools.gnu-tools-for-stm32.13.3.rel1.win32_1.0.0.202411081344/tools/bin/../lib/gcc/arm-none-eabi/13.3.1/../../../../arm-none-eabi/lib/thumb/v7e-m+fp/hard\libc_nano.a(libc_a-mprec.o)
                0x08010338                _Bfree
 .text.__multadd
                0x0801037c       0x8c C:/ST/STM32CubeIDE_1.18.1/STM32CubeIDE/plugins/com.st.stm32cube.ide.mcu.externaltools.gnu-tools-for-stm32.13.3.rel1.win32_1.0.0.202411081344/tools/bin/../lib/gcc/arm-none-eabi/13.3.1/../../../../arm-none-eabi/lib/thumb/v7e-m+fp/hard\libc_nano.a(libc_a-mprec.o)
                0x0801037c                __multadd
 .text.__s2b    0x08010408       0x94 C:/ST/STM32CubeIDE_1.18.1/STM32CubeIDE/plugins/com.st.stm32cube.ide.mcu.externaltools.gnu-tools-for-stm32.13.3.rel1.win32_1.0.0.202411081344/tools/bin/../lib/gcc/arm-none-eabi/13.3.1/../../../../arm-none-eabi/lib/thumb/v7e-m+fp/hard\libc_nano.a(libc_a-mprec.o)
                0x08010408                __s2b
 .text.__hi0bits
                0x0801049c       0x3e C:/ST/STM32CubeIDE_1.18.1/STM32CubeIDE/plugins/com.st.stm32cube.ide.mcu.externaltools.gnu-tools-for-stm32.13.3.rel1.win32_1.0.0.202411081344/tools/bin/../lib/gcc/arm-none-eabi/13.3.1/../../../../arm-none-eabi/lib/thumb/v7e-m+fp/hard\libc_nano.a(libc_a-mprec.o)
                0x0801049c                __hi0bits
 .text.__lo0bits
                0x080104da       0x5a C:/ST/STM32CubeIDE_1.18.1/STM32CubeIDE/plugins/com.st.stm32cube.ide.mcu.externaltools.gnu-tools-for-stm32.13.3.rel1.win32_1.0.0.202411081344/tools/bin/../lib/gcc/arm-none-eabi/13.3.1/../../../../arm-none-eabi/lib/thumb/v7e-m+fp/hard\libc_nano.a(libc_a-mprec.o)
                0x080104da                __lo0bits
 .text.__i2b    0x08010534       0x2c C:/ST/STM32CubeIDE_1.18.1/STM32CubeIDE/plugins/com.st.stm32cube.ide.mcu.externaltools.gnu-tools-for-stm32.13.3.rel1.win32_1.0.0.202411081344/tools/bin/../lib/gcc/arm-none-eabi/13.3.1/../../../../arm-none-eabi/lib/thumb/v7e-m+fp/hard\libc_nano.a(libc_a-mprec.o)
                0x08010534                __i2b
 .text.__multiply
                0x08010560      0x144 C:/ST/STM32CubeIDE_1.18.1/STM32CubeIDE/plugins/com.st.stm32cube.ide.mcu.externaltools.gnu-tools-for-stm32.13.3.rel1.win32_1.0.0.202411081344/tools/bin/../lib/gcc/arm-none-eabi/13.3.1/../../../../arm-none-eabi/lib/thumb/v7e-m+fp/hard\libc_nano.a(libc_a-mprec.o)
                0x08010560                __multiply
 .text.__pow5mult
                0x080106a4       0xb4 C:/ST/STM32CubeIDE_1.18.1/STM32CubeIDE/plugins/com.st.stm32cube.ide.mcu.externaltools.gnu-tools-for-stm32.13.3.rel1.win32_1.0.0.202411081344/tools/bin/../lib/gcc/arm-none-eabi/13.3.1/../../../../arm-none-eabi/lib/thumb/v7e-m+fp/hard\libc_nano.a(libc_a-mprec.o)
                0x080106a4                __pow5mult
 .text.__lshift
                0x08010758       0xd8 C:/ST/STM32CubeIDE_1.18.1/STM32CubeIDE/plugins/com.st.stm32cube.ide.mcu.externaltools.gnu-tools-for-stm32.13.3.rel1.win32_1.0.0.202411081344/tools/bin/../lib/gcc/arm-none-eabi/13.3.1/../../../../arm-none-eabi/lib/thumb/v7e-m+fp/hard\libc_nano.a(libc_a-mprec.o)
                0x08010758                __lshift
 .text.__mcmp   0x08010830       0x36 C:/ST/STM32CubeIDE_1.18.1/STM32CubeIDE/plugins/com.st.stm32cube.ide.mcu.externaltools.gnu-tools-for-stm32.13.3.rel1.win32_1.0.0.202411081344/tools/bin/../lib/gcc/arm-none-eabi/13.3.1/../../../../arm-none-eabi/lib/thumb/v7e-m+fp/hard\libc_nano.a(libc_a-mprec.o)
                0x08010830                __mcmp
 *fill*         0x08010866        0x2 
 .text.__mdiff  0x08010868      0x128 C:/ST/STM32CubeIDE_1.18.1/STM32CubeIDE/plugins/com.st.stm32cube.ide.mcu.externaltools.gnu-tools-for-stm32.13.3.rel1.win32_1.0.0.202411081344/tools/bin/../lib/gcc/arm-none-eabi/13.3.1/../../../../arm-none-eabi/lib/thumb/v7e-m+fp/hard\libc_nano.a(libc_a-mprec.o)
                0x08010868                __mdiff
 .text.__ulp    0x08010990       0x4c C:/ST/STM32CubeIDE_1.18.1/STM32CubeIDE/plugins/com.st.stm32cube.ide.mcu.externaltools.gnu-tools-for-stm32.13.3.rel1.win32_1.0.0.202411081344/tools/bin/../lib/gcc/arm-none-eabi/13.3.1/../../../../arm-none-eabi/lib/thumb/v7e-m+fp/hard\libc_nano.a(libc_a-mprec.o)
                0x08010990                __ulp
 .text.__b2d    0x080109dc       0x94 C:/ST/STM32CubeIDE_1.18.1/STM32CubeIDE/plugins/com.st.stm32cube.ide.mcu.externaltools.gnu-tools-for-stm32.13.3.rel1.win32_1.0.0.202411081344/tools/bin/../lib/gcc/arm-none-eabi/13.3.1/../../../../arm-none-eabi/lib/thumb/v7e-m+fp/hard\libc_nano.a(libc_a-mprec.o)
                0x080109dc                __b2d
 .text.__d2b    0x08010a70       0xb0 C:/ST/STM32CubeIDE_1.18.1/STM32CubeIDE/plugins/com.st.stm32cube.ide.mcu.externaltools.gnu-tools-for-stm32.13.3.rel1.win32_1.0.0.202411081344/tools/bin/../lib/gcc/arm-none-eabi/13.3.1/../../../../arm-none-eabi/lib/thumb/v7e-m+fp/hard\libc_nano.a(libc_a-mprec.o)
                0x08010a70                __d2b
 .text.__ratio  0x08010b20       0x64 C:/ST/STM32CubeIDE_1.18.1/STM32CubeIDE/plugins/com.st.stm32cube.ide.mcu.externaltools.gnu-tools-for-stm32.13.3.rel1.win32_1.0.0.202411081344/tools/bin/../lib/gcc/arm-none-eabi/13.3.1/../../../../arm-none-eabi/lib/thumb/v7e-m+fp/hard\libc_nano.a(libc_a-mprec.o)
                0x08010b20                __ratio
 .text.__copybits
                0x08010b84       0x46 C:/ST/STM32CubeIDE_1.18.1/STM32CubeIDE/plugins/com.st.stm32cube.ide.mcu.externaltools.gnu-tools-for-stm32.13.3.rel1.win32_1.0.0.202411081344/tools/bin/../lib/gcc/arm-none-eabi/13.3.1/../../../../arm-none-eabi/lib/thumb/v7e-m+fp/hard\libc_nano.a(libc_a-mprec.o)
                0x08010b84                __copybits
 .text.__any_on
                0x08010bca       0x42 C:/ST/STM32CubeIDE_1.18.1/STM32CubeIDE/plugins/com.st.stm32cube.ide.mcu.externaltools.gnu-tools-for-stm32.13.3.rel1.win32_1.0.0.202411081344/tools/bin/../lib/gcc/arm-none-eabi/13.3.1/../../../../arm-none-eabi/lib/thumb/v7e-m+fp/hard\libc_nano.a(libc_a-mprec.o)
                0x08010bca                __any_on
 .text.sulp     0x08010c0c       0x3c C:/ST/STM32CubeIDE_1.18.1/STM32CubeIDE/plugins/com.st.stm32cube.ide.mcu.externaltools.gnu-tools-for-stm32.13.3.rel1.win32_1.0.0.202411081344/tools/bin/../lib/gcc/arm-none-eabi/13.3.1/../../../../arm-none-eabi/lib/thumb/v7e-m+fp/hard\libc_nano.a(libc_a-strtod.o)
 .text._strtod_l
                0x08010c48      0xbc8 C:/ST/STM32CubeIDE_1.18.1/STM32CubeIDE/plugins/com.st.stm32cube.ide.mcu.externaltools.gnu-tools-for-stm32.13.3.rel1.win32_1.0.0.202411081344/tools/bin/../lib/gcc/arm-none-eabi/13.3.1/../../../../arm-none-eabi/lib/thumb/v7e-m+fp/hard\libc_nano.a(libc_a-strtod.o)
                0x08010c48                _strtod_l
 .text._strtod_r
                0x08011810        0xc C:/ST/STM32CubeIDE_1.18.1/STM32CubeIDE/plugins/com.st.stm32cube.ide.mcu.externaltools.gnu-tools-for-stm32.13.3.rel1.win32_1.0.0.202411081344/tools/bin/../lib/gcc/arm-none-eabi/13.3.1/../../../../arm-none-eabi/lib/thumb/v7e-m+fp/hard\libc_nano.a(libc_a-strtod.o)
                0x08011810                _strtod_r
 .text._strtol_l.isra.0
                0x0801181c       0xf4 C:/ST/STM32CubeIDE_1.18.1/STM32CubeIDE/plugins/com.st.stm32cube.ide.mcu.externaltools.gnu-tools-for-stm32.13.3.rel1.win32_1.0.0.202411081344/tools/bin/../lib/gcc/arm-none-eabi/13.3.1/../../../../arm-none-eabi/lib/thumb/v7e-m+fp/hard\libc_nano.a(libc_a-strtol.o)
 .text._strtol_r
                0x08011910        0x4 C:/ST/STM32CubeIDE_1.18.1/STM32CubeIDE/plugins/com.st.stm32cube.ide.mcu.externaltools.gnu-tools-for-stm32.13.3.rel1.win32_1.0.0.202411081344/tools/bin/../lib/gcc/arm-none-eabi/13.3.1/../../../../arm-none-eabi/lib/thumb/v7e-m+fp/hard\libc_nano.a(libc_a-strtol.o)
                0x08011910                _strtol_r
 .text.__ssputs_r
                0x08011914       0xb6 C:/ST/STM32CubeIDE_1.18.1/STM32CubeIDE/plugins/com.st.stm32cube.ide.mcu.externaltools.gnu-tools-for-stm32.13.3.rel1.win32_1.0.0.202411081344/tools/bin/../lib/gcc/arm-none-eabi/13.3.1/../../../../arm-none-eabi/lib/thumb/v7e-m+fp/hard\libc_nano.a(libc_a-nano-svfprintf.o)
                0x08011914                __ssputs_r
 *fill*         0x080119ca        0x2 
 .text._svfprintf_r
                0x080119cc      0x1f8 C:/ST/STM32CubeIDE_1.18.1/STM32CubeIDE/plugins/com.st.stm32cube.ide.mcu.externaltools.gnu-tools-for-stm32.13.3.rel1.win32_1.0.0.202411081344/tools/bin/../lib/gcc/arm-none-eabi/13.3.1/../../../../arm-none-eabi/lib/thumb/v7e-m+fp/hard\libc_nano.a(libc_a-nano-svfprintf.o)
                0x080119cc                _svfiprintf_r
                0x080119cc                _svfprintf_r
 .text.__sfputc_r