../Core/Src/main.c:94:5:main	8	static
../Core/Src/main.c:149:6:SystemClock_Config	88	static
../Core/Src/main.c:195:13:MX_I2C1_Init	8	static
../Core/Src/main.c:229:13:MX_I2C2_Init	8	static
../Core/Src/main.c:263:13:MX_TIM6_Init	16	static
../Core/Src/main.c:301:13:MX_USART2_UART_Init	8	static
../Core/Src/main.c:334:13:MX_GPIO_Init	48	static
../Core/Src/main.c:369:5:_write	24	static
../Core/Src/main.c:384:6:HAL_TIM_PeriodElapsedCallback	16	static
../Core/Src/main.c:402:6:Error_Handler	4	static,ignoring_inline_asm
