../Core/Src/main.c:99:5:main	8	static
../Core/Src/main.c:155:6:SystemClock_Config	88	static
../Core/Src/main.c:201:13:MX_I2C1_Init	8	static
../Core/Src/main.c:235:13:MX_I2C2_Init	8	static
../Core/Src/main.c:269:13:MX_TIM6_Init	16	static
../Core/Src/main.c:307:13:MX_TIM7_Init	16	static
../Core/Src/main.c:345:13:MX_USART2_UART_Init	8	static
../Core/Src/main.c:378:13:MX_GPIO_Init	48	static
../Core/Src/main.c:413:5:_write	24	static
../Core/Src/main.c:424:6:Error_Handler	4	static,ignoring_inline_asm
